ARM Linker, 5.02 [Build 28] [MDK-ARM Lite]

==============================================================================

Section Cross References

    startup_lpc17xx.o(RESET) refers to startup_lpc17xx.o(STACK) for __initial_sp
    startup_lpc17xx.o(RESET) refers to startup_lpc17xx.o(.text) for Reset_Handler
    startup_lpc17xx.o(RESET) refers to hal_cm3.o(.emb_text) for SVC_Handler
    startup_lpc17xx.o(RESET) refers to adc.o(.text) for ADC_IRQHandler
    startup_lpc17xx.o(.text) refers to system_lpc17xx.o(.text) for SystemInit
    startup_lpc17xx.o(.text) refers to entry.o(.ARM.Collect$$$$00000000) for __main
    system_lpc17xx.o(.text) refers to uldiv.o(.text) for __aeabi_uldivmod
    system_lpc17xx.o(.text) refers to system_lpc17xx.o(.data) for .data
    glcd_spi_lpc1700.o(.text) refers to glcd_spi_lpc1700.o(.data) for .data
    glcd_spi_lpc1700.o(.text) refers to glcd_spi_lpc1700.o(.constdata) for .constdata
    led.o(.text) refers to led.o(.constdata) for .constdata
    main.o(.text) refers to dfltui.o(.text) for __aeabi_ui2d
    main.o(.text) refers to dscalb.o(.text) for __ARM_scalbn
    main.o(.text) refers to dadd.o(.text) for __aeabi_dadd
    main.o(.text) refers to d2f.o(.text) for __aeabi_d2f
    main.o(.text) refers to ffltui.o(.text) for __aeabi_ui2f
    main.o(.text) refers to fadd.o(.text) for __aeabi_fsub
    main.o(.text) refers to fmul.o(.text) for __aeabi_fmul
    main.o(.text) refers to f2d.o(.text) for __aeabi_f2d
    main.o(.text) refers to sqrt.o(i.sqrt) for sqrt
    main.o(.text) refers to ffixui.o(.text) for __aeabi_f2uiz
    main.o(.text) refers to cdcmple.o(.text) for __aeabi_cdcmple
    main.o(.text) refers to kbd.o(.text) for INT0_Get
    main.o(.text) refers to led.o(.text) for LED_Toggle
    main.o(.text) refers to dflti.o(.text) for __aeabi_i2d
    main.o(.text) refers to fflti.o(.text) for __aeabi_i2f
    main.o(.text) refers to dmul.o(.text) for __aeabi_dmul
    main.o(.text) refers to dfixui.o(.text) for __aeabi_d2uiz
    main.o(.text) refers to memcpya.o(.text) for __aeabi_memcpy4
    main.o(.text) refers to objects.o(.text) for write_obect_lcd
    main.o(.text) refers to main.o(.data) for .data
    main.o(.text) refers to rt_time.o(i.rt_dly_wait) for rt_dly_wait
    main.o(.text) refers to main.o(.bss) for .bss
    main.o(.text) refers to rt_mutex.o(i.rt_mut_wait) for rt_mut_wait
    main.o(.text) refers to rt_mutex.o(i.rt_mut_release) for rt_mut_release
    main.o(.text) refers to rt_time.o(i.rt_itv_set) for rt_itv_set
    main.o(.text) refers to rt_time.o(i.rt_itv_wait) for rt_itv_wait
    main.o(.text) refers to kbd.o(.data) for KBD_val
    main.o(.text) refers to fdiv.o(.text) for __aeabi_fdiv
    main.o(.text) refers to ffixi.o(.text) for __aeabi_f2iz
    main.o(.text) refers to rt_mutex.o(i.rt_mut_init) for rt_mut_init
    main.o(.text) refers to glcd_spi_lpc1700.o(.text) for GLCD_Init
    main.o(.text) refers to adc.o(.text) for ADC_Init
    main.o(.text) refers to glcd_scroll.o(.text) for init_scroll
    main.o(.text) refers to hal_cm3.o(.emb_text) for os_set_env
    main.o(.text) refers to rt_task.o(i.rt_tsk_create) for rt_tsk_create
    main.o(.text) refers to rt_task.o(i.rt_tsk_delete) for rt_tsk_delete
    main.o(.text) refers to main.o(.constdata) for .constdata
    main.o(.text) refers to rt_task.o(i.rt_sys_init) for rt_sys_init
    adc.o(.text) refers to main.o(.data) for ADCStat
    adc.o(.text) refers to main.o(.data) for ADCValue
    objects.o(.text) refers to glcd_spi_lpc1700.o(.text) for GLCD_Clear
    retarget.o(.text) refers to glcd_scroll.o(.text) for append_char
    glcd_scroll.o(.text) refers to glcd_spi_lpc1700.o(.text) for GLCD_Init
    glcd_scroll.o(.text) refers to glcd_scroll.o(i.last_line) for last_line
    glcd_scroll.o(.text) refers to glcd_scroll.o(i.last_window_line) for last_window_line
    glcd_scroll.o(.text) refers to glcd_scroll.o(.data) for .data
    glcd_scroll.o(.text) refers to glcd_scroll.o(.bss) for .bss
    rt_task.o(i.rt_block) refers to rt_list.o(i.rt_put_dly) for rt_put_dly
    rt_task.o(i.rt_block) refers to rt_list.o(i.rt_get_first) for rt_get_first
    rt_task.o(i.rt_block) refers to rt_task.o(i.rt_switch_req) for rt_switch_req
    rt_task.o(i.rt_block) refers to rt_task.o(.data) for .data
    rt_task.o(i.rt_block) refers to rt_list.o(.bss) for os_rdy
    rt_task.o(i.rt_dispatch) refers to rt_list.o(i.rt_put_rdy_first) for rt_put_rdy_first
    rt_task.o(i.rt_dispatch) refers to rt_task.o(i.rt_switch_req) for rt_switch_req
    rt_task.o(i.rt_dispatch) refers to rt_list.o(i.rt_get_first) for rt_get_first
    rt_task.o(i.rt_dispatch) refers to rt_list.o(i.rt_put_prio) for rt_put_prio
    rt_task.o(i.rt_dispatch) refers to rt_task.o(.data) for .data
    rt_task.o(i.rt_dispatch) refers to rt_list.o(.bss) for os_rdy
    rt_task.o(i.rt_init_context) refers to rt_membox.o(i.rt_alloc_box) for rt_alloc_box
[...]
    rt_task.o(i.rt_sys_init) refers to rt_list.o(.bss) for os_rdy
    rt_task.o(i.rt_sys_init) refers to rt_task.o(.data) for .data
    rt_task.o(i.rt_sys_init) refers to rtx_conf_cm.o(.bss) for os_fifo
    rt_task.o(i.rt_sys_init) refers to rtx_conf_cm.o(.constdata) for os_fifo_size
    rt_task.o(i.rt_sys_init) refers to rt_system.o(.data) for os_tick_irqn
    rt_task.o(i.rt_tsk_create) refers to rt_membox.o(i.rt_alloc_box) for rt_alloc_box
    rt_task.o(i.rt_tsk_create) refers to rt_task.o(i.rt_init_context) for rt_init_context
    rt_task.o(i.rt_tsk_create) refers to hal_cm3.o(i.dbg_task_notify) for dbg_task_notify
    rt_task.o(i.rt_tsk_create) refers to rt_task.o(i.rt_dispatch) for rt_dispatch
    rt_task.o(i.rt_tsk_create) refers to rtx_conf_cm.o(.bss) for mp_tcb
    rt_task.o(i.rt_tsk_create) refers to rtx_conf_cm.o(.bss) for os_active_TCB
    rt_task.o(i.rt_tsk_create) refers to rtx_conf_cm.o(.constdata) for os_maxtaskrun
    rt_task.o(i.rt_tsk_create) refers to hal_cm3.o(.data) for dbg_msg
    rt_task.o(i.rt_tsk_create) refers to rt_task.o(.data) for .data
    rt_task.o(i.rt_tsk_delete) refers to hal_cm3.o(.emb_text) for rt_get_PSP
    rt_task.o(i.rt_tsk_delete) refers to rt_system.o(i.rt_stk_check) for rt_stk_check
    rt_task.o(i.rt_tsk_delete) refers to rt_membox.o(i.rt_free_box) for rt_free_box
    rt_task.o(i.rt_tsk_delete) refers to hal_cm3.o(i.dbg_task_notify) for dbg_task_notify
    rt_task.o(i.rt_tsk_delete) refers to rt_task.o(i.rt_dispatch) for rt_dispatch
    rt_task.o(i.rt_tsk_delete) refers to rt_list.o(i.rt_rmv_list) for rt_rmv_list
    rt_task.o(i.rt_tsk_delete) refers to rt_list.o(i.rt_rmv_dly) for rt_rmv_dly
    rt_task.o(i.rt_tsk_delete) refers to hal_cm3.o(.data) for dbg_msg
    rt_task.o(i.rt_tsk_delete) refers to rt_task.o(.data) for .data
    rt_task.o(i.rt_tsk_delete) refers to rtx_conf_cm.o(.bss) for os_active_TCB
    rt_task.o(i.rt_tsk_delete) refers to rtx_conf_cm.o(.bss) for mp_stk
    rt_task.o(i.rt_tsk_delete) refers to rtx_conf_cm.o(.bss) for mp_tcb
    rt_task.o(i.rt_tsk_delete) refers to rtx_conf_cm.o(.constdata) for os_maxtaskrun
    rt_task.o(i.rt_tsk_pass) refers to rt_list.o(i.rt_get_same_rdy_prio) for rt_get_same_rdy_prio
    rt_task.o(i.rt_tsk_pass) refers to rt_list.o(i.rt_put_prio) for rt_put_prio
    rt_task.o(i.rt_tsk_pass) refers to rt_task.o(i.rt_switch_req) for rt_switch_req
    rt_task.o(i.rt_tsk_pass) refers to rt_task.o(.data) for .data
    rt_task.o(i.rt_tsk_pass) refers to rt_list.o(.bss) for os_rdy
    rt_task.o(i.rt_tsk_prio) refers to rt_list.o(i.rt_put_prio) for rt_put_prio
    rt_task.o(i.rt_tsk_prio) refers to rt_list.o(i.rt_resort_prio) for rt_resort_prio
    rt_task.o(i.rt_tsk_prio) refers to rt_list.o(i.rt_get_first) for rt_get_first
    rt_task.o(i.rt_tsk_prio) refers to rt_task.o(i.rt_dispatch) for rt_dispatch
    rt_task.o(i.rt_tsk_prio) refers to rt_task.o(.data) for .data
    rt_task.o(i.rt_tsk_prio) refers to rtx_conf_cm.o(.constdata) for os_maxtaskrun
    rt_task.o(i.rt_tsk_prio) refers to rtx_conf_cm.o(.bss) for os_active_TCB
    rt_task.o(i.rt_tsk_prio) refers to rt_list.o(.bss) for os_rdy
    rt_task.o(i.rt_tsk_self) refers to rt_task.o(.data) for .data
    rt_time.o(i.rt_dly_wait) refers to rt_task.o(i.rt_block) for rt_block
    rt_time.o(i.rt_itv_set) refers to rt_task.o(.data) for os_tsk
    rt_time.o(i.rt_itv_set) refers to rt_time.o(.data) for .data
    rt_time.o(i.rt_itv_wait) refers to rt_task.o(i.rt_block) for rt_block
    rt_time.o(i.rt_itv_wait) refers to rt_task.o(.data) for os_tsk
    rt_time.o(i.rt_itv_wait) refers to rt_time.o(.data) for .data
    rt_time.o(i.rt_time_get) refers to rt_time.o(.data) for .data
    rt_mutex.o(i.rt_mut_release) refers to rt_list.o(i.rt_get_first) for rt_get_first
    rt_mutex.o(i.rt_mut_release) refers to rt_list.o(i.rt_rmv_dly) for rt_rmv_dly
    rt_mutex.o(i.rt_mut_release) refers to rt_list.o(i.rt_put_prio) for rt_put_prio
    rt_mutex.o(i.rt_mut_release) refers to rt_task.o(i.rt_dispatch) for rt_dispatch
    rt_mutex.o(i.rt_mut_release) refers to rt_task.o(.data) for os_tsk
    rt_mutex.o(i.rt_mut_release) refers to rt_list.o(.bss) for os_rdy
    rt_mutex.o(i.rt_mut_wait) refers to rt_list.o(i.rt_resort_prio) for rt_resort_prio
    rt_mutex.o(i.rt_mut_wait) refers to rt_list.o(i.rt_put_prio) for rt_put_prio
    rt_mutex.o(i.rt_mut_wait) refers to rt_task.o(i.rt_block) for rt_block
    rt_mutex.o(i.rt_mut_wait) refers to rt_task.o(.data) for os_tsk
    hal_cm3.o(.emb_text) refers to rtx_conf_cm.o(.constdata) for os_flags
    hal_cm3.o(.emb_text) refers to rt_membox.o(i.rt_alloc_box) for rt_alloc_box
    hal_cm3.o(.emb_text) refers to rt_membox.o(i.rt_free_box) for rt_free_box
    hal_cm3.o(.emb_text) refers to rt_system.o(i.rt_stk_check) for rt_stk_check
    hal_cm3.o(.emb_text) refers to rt_task.o(.data) for os_tsk
    hal_cm3.o(.emb_text) refers to SVC_Table.o(SVC_TABLE) for SVC_Count
    hal_cm3.o(.emb_text) refers to rt_system.o(i.rt_pop_req) for rt_pop_req
    hal_cm3.o(.emb_text) refers to rt_system.o(i.rt_systick) for rt_systick
    hal_cm3.o(.emb_text) refers to rt_system.o(i.os_tick_irqack) for os_tick_irqack
    hal_cm3.o(i.dbg_init) refers to hal_cm3.o(.data) for .data
    hal_cm3.o(i.rt_init_stack) refers to rtx_conf_cm.o(.constdata) for os_stackinfo
    rt_system.o(i.os_tick_init) refers to rtx_conf_cm.o(.constdata) for os_trv
    rt_system.o(i.rt_pop_req) refers to rt_list.o(i.rt_put_rdy_first) for rt_put_rdy_first
    rt_system.o(i.rt_pop_req) refers to rt_semaphore.o(i.rt_sem_psh) for rt_sem_psh
    rt_system.o(i.rt_pop_req) refers to rt_list.o(i.rt_get_first) for rt_get_first
    rt_system.o(i.rt_pop_req) refers to rt_task.o(i.rt_switch_req) for rt_switch_req
    rt_system.o(i.rt_pop_req) refers to rt_event.o(i.rt_evt_psh) for rt_evt_psh
    rt_system.o(i.rt_pop_req) refers to rt_mailbox.o(i.rt_mbx_psh) for rt_mbx_psh
    rt_system.o(i.rt_pop_req) refers to rt_task.o(.data) for os_tsk
    rt_system.o(i.rt_pop_req) refers to rtx_conf_cm.o(.bss) for os_fifo
    rt_system.o(i.rt_pop_req) refers to rt_list.o(.bss) for os_rdy
    rt_system.o(i.rt_psh_req) refers to rt_system.o(.data) for .data
    rt_system.o(i.rt_resume) refers to rt_list.o(i.rt_put_rdy_first) for rt_put_rdy_first
    rt_system.o(i.rt_resume) refers to rt_list.o(i.rt_dec_dly) for rt_dec_dly
    rt_system.o(i.rt_resume) refers to rt_timer.o(i.rt_tmr_tick) for rt_tmr_tick
    rt_system.o(i.rt_resume) refers to rt_list.o(i.rt_get_first) for rt_get_first
    rt_system.o(i.rt_resume) refers to rt_task.o(i.rt_switch_req) for rt_switch_req
    rt_system.o(i.rt_resume) refers to rt_system.o(i.rt_tsk_unlock) for rt_tsk_unlock
    rt_system.o(i.rt_resume) refers to rt_task.o(.data) for os_tsk
    rt_system.o(i.rt_resume) refers to rt_robin.o(.data) for os_robin
    rt_system.o(i.rt_resume) refers to rt_list.o(.bss) for os_dly
    rt_system.o(i.rt_resume) refers to rt_time.o(.data) for os_time
    rt_system.o(i.rt_resume) refers to rt_timer.o(.data) for os_tmr
    rt_system.o(i.rt_stk_check) refers to rtx_conf_cm.o(.text) for os_error
    rt_system.o(i.rt_stk_check) refers to rt_task.o(.data) for os_tsk
    rt_system.o(i.rt_suspend) refers to rt_system.o(i.rt_tsk_lock) for rt_tsk_lock
    rt_system.o(i.rt_suspend) refers to rt_list.o(.bss) for os_dly
    rt_system.o(i.rt_suspend) refers to rt_timer.o(.data) for os_tmr
    rt_system.o(i.rt_systick) refers to rt_list.o(i.rt_put_rdy_first) for rt_put_rdy_first
    rt_system.o(i.rt_systick) refers to rt_robin.o(i.rt_chk_robin) for rt_chk_robin
    rt_system.o(i.rt_systick) refers to rt_list.o(i.rt_dec_dly) for rt_dec_dly
    rt_system.o(i.rt_systick) refers to rt_timer.o(i.rt_tmr_tick) for rt_tmr_tick
    rt_system.o(i.rt_systick) refers to rt_list.o(i.rt_get_first) for rt_get_first
    rt_system.o(i.rt_systick) refers to rt_task.o(i.rt_switch_req) for rt_switch_req
    rt_system.o(i.rt_systick) refers to rt_task.o(.data) for os_tsk
    rt_system.o(i.rt_systick) refers to rt_time.o(.data) for os_time
    rt_system.o(i.rt_systick) refers to rt_list.o(.bss) for os_rdy
    rt_system.o(i.rt_tsk_lock) refers to rt_system.o(.data) for .data
    rt_system.o(i.rt_tsk_unlock) refers to rt_system.o(.data) for .data
    rt_list.o(i.rt_dec_dly) refers to rt_list.o(i.rt_put_prio) for rt_put_prio
    rt_list.o(i.rt_dec_dly) refers to rt_list.o(.bss) for .bss
    rt_list.o(i.rt_dec_dly) refers to rt_time.o(.data) for os_time
    rt_list.o(i.rt_get_same_rdy_prio) refers to rt_list.o(.bss) for .bss
    rt_list.o(i.rt_get_same_rdy_prio) refers to rt_task.o(.data) for os_tsk
    rt_list.o(i.rt_psq_enq) refers to rtx_conf_cm.o(.text) for os_error
    rt_list.o(i.rt_psq_enq) refers to rtx_conf_cm.o(.bss) for os_fifo
    rt_list.o(i.rt_put_dly) refers to rt_list.o(.bss) for .bss
    rt_list.o(i.rt_put_rdy_first) refers to rt_list.o(.bss) for .bss
    rt_list.o(i.rt_resort_prio) refers to rt_list.o(i.rt_rmv_list) for rt_rmv_list
    rt_list.o(i.rt_resort_prio) refers to rt_list.o(i.rt_put_prio) for rt_put_prio
    rt_list.o(i.rt_resort_prio) refers to rt_list.o(.bss) for .bss
    rt_list.o(i.rt_rmv_list) refers to rt_list.o(.bss) for .bss
    rt_robin.o(i.rt_chk_robin) refers to rt_list.o(i.rt_get_first) for rt_get_first
    rt_robin.o(i.rt_chk_robin) refers to rt_list.o(i.rt_put_prio) for rt_put_prio
    rt_robin.o(i.rt_chk_robin) refers to rt_robin.o(.data) for .data
    rt_robin.o(i.rt_chk_robin) refers to rt_list.o(.bss) for os_rdy
    rt_robin.o(i.rt_chk_robin) refers to rt_time.o(.data) for os_time
    rt_robin.o(i.rt_init_robin) refers to rt_robin.o(.data) for .data
    rt_robin.o(i.rt_init_robin) refers to rtx_conf_cm.o(.constdata) for os_rrobin
    rt_membox.o(i._calloc_box) refers to hal_cm3.o(.emb_text) for _alloc_box
    rt_event.o(i.isr_evt_set) refers to rt_list.o(i.rt_psq_enq) for rt_psq_enq
    rt_event.o(i.isr_evt_set) refers to rt_system.o(i.rt_psh_req) for rt_psh_req
    rt_event.o(i.isr_evt_set) refers to rtx_conf_cm.o(.bss) for os_active_TCB
    rt_event.o(i.rt_evt_clr) refers to rtx_conf_cm.o(.bss) for os_active_TCB
    rt_event.o(i.rt_evt_get) refers to rt_task.o(.data) for os_tsk
    rt_event.o(i.rt_evt_psh) refers to rt_list.o(i.rt_rmv_dly) for rt_rmv_dly
    rt_event.o(i.rt_evt_psh) refers to rt_list.o(i.rt_put_prio) for rt_put_prio
    rt_event.o(i.rt_evt_psh) refers to rt_list.o(.bss) for os_rdy
    rt_event.o(i.rt_evt_set) refers to rt_list.o(i.rt_rmv_dly) for rt_rmv_dly
    rt_event.o(i.rt_evt_set) refers to rt_task.o(i.rt_dispatch) for rt_dispatch
    rt_event.o(i.rt_evt_set) refers to rtx_conf_cm.o(.bss) for os_active_TCB
    rt_event.o(i.rt_evt_wait) refers to rt_task.o(i.rt_block) for rt_block
    rt_event.o(i.rt_evt_wait) refers to rt_task.o(.data) for os_tsk
    rt_mailbox.o(i.isr_mbx_receive) refers to rt_list.o(i.rt_psq_enq) for rt_psq_enq
    rt_mailbox.o(i.isr_mbx_receive) refers to rt_system.o(i.rt_psh_req) for rt_psh_req
    rt_mailbox.o(i.isr_mbx_send) refers to rt_list.o(i.rt_psq_enq) for rt_psq_enq
    rt_mailbox.o(i.isr_mbx_send) refers to rt_system.o(i.rt_psh_req) for rt_psh_req
    rt_mailbox.o(i.rt_mbx_psh) refers to rt_list.o(i.rt_get_first) for rt_get_first
    rt_mailbox.o(i.rt_mbx_psh) refers to rt_list.o(i.rt_rmv_dly) for rt_rmv_dly
    rt_mailbox.o(i.rt_mbx_psh) refers to rt_list.o(i.rt_put_prio) for rt_put_prio
    rt_mailbox.o(i.rt_mbx_psh) refers to rtx_conf_cm.o(.text) for os_error
    rt_mailbox.o(i.rt_mbx_psh) refers to rt_list.o(.bss) for os_rdy
    rt_mailbox.o(i.rt_mbx_send) refers to rt_list.o(i.rt_put_prio) for rt_put_prio
    rt_mailbox.o(i.rt_mbx_send) refers to rt_list.o(i.rt_get_first) for rt_get_first
    rt_mailbox.o(i.rt_mbx_send) refers to rt_list.o(i.rt_rmv_dly) for rt_rmv_dly
    rt_mailbox.o(i.rt_mbx_send) refers to rt_task.o(i.rt_dispatch) for rt_dispatch
    rt_mailbox.o(i.rt_mbx_send) refers to rt_task.o(i.rt_block) for rt_block
    rt_mailbox.o(i.rt_mbx_send) refers to rt_task.o(.data) for os_tsk
    rt_mailbox.o(i.rt_mbx_wait) refers to rt_list.o(i.rt_get_first) for rt_get_first
    rt_mailbox.o(i.rt_mbx_wait) refers to rt_list.o(i.rt_rmv_dly) for rt_rmv_dly
    rt_mailbox.o(i.rt_mbx_wait) refers to rt_task.o(i.rt_dispatch) for rt_dispatch
    rt_mailbox.o(i.rt_mbx_wait) refers to rt_list.o(i.rt_put_prio) for rt_put_prio
    rt_mailbox.o(i.rt_mbx_wait) refers to rt_task.o(i.rt_block) for rt_block
    rt_mailbox.o(i.rt_mbx_wait) refers to rt_task.o(.data) for os_tsk
    rt_semaphore.o(i.isr_sem_send) refers to rt_list.o(i.rt_psq_enq) for rt_psq_enq
    rt_semaphore.o(i.isr_sem_send) refers to rt_system.o(i.rt_psh_req) for rt_psh_req
    rt_semaphore.o(i.rt_sem_psh) refers to rt_list.o(i.rt_get_first) for rt_get_first
    rt_semaphore.o(i.rt_sem_psh) refers to rt_list.o(i.rt_rmv_dly) for rt_rmv_dly
    rt_semaphore.o(i.rt_sem_psh) refers to rt_list.o(i.rt_put_prio) for rt_put_prio
    rt_semaphore.o(i.rt_sem_psh) refers to rt_list.o(.bss) for os_rdy
    rt_semaphore.o(i.rt_sem_send) refers to rt_list.o(i.rt_get_first) for rt_get_first
    rt_semaphore.o(i.rt_sem_send) refers to rt_list.o(i.rt_rmv_dly) for rt_rmv_dly
    rt_semaphore.o(i.rt_sem_send) refers to rt_task.o(i.rt_dispatch) for rt_dispatch
    rt_semaphore.o(i.rt_sem_send) refers to rt_task.o(.data) for os_tsk
    rt_semaphore.o(i.rt_sem_wait) refers to rt_list.o(i.rt_put_prio) for rt_put_prio
    rt_semaphore.o(i.rt_sem_wait) refers to rt_task.o(i.rt_block) for rt_block
    rt_semaphore.o(i.rt_sem_wait) refers to rt_task.o(.data) for os_tsk
    rt_timer.o(i.rt_tmr_create) refers to rt_membox.o(i.rt_alloc_box) for rt_alloc_box
    rt_timer.o(i.rt_tmr_create) refers to rtx_conf_cm.o(.data) for m_tmr
    rt_timer.o(i.rt_tmr_create) refers to rt_timer.o(.data) for .data
    rt_timer.o(i.rt_tmr_kill) refers to rt_membox.o(i.rt_free_box) for rt_free_box
    rt_timer.o(i.rt_tmr_kill) refers to rt_timer.o(.data) for .data
    rt_timer.o(i.rt_tmr_kill) refers to rtx_conf_cm.o(.data) for m_tmr
    rt_timer.o(i.rt_tmr_tick) refers to rtx_conf_cm.o(.text) for os_tmr_call
    rt_timer.o(i.rt_tmr_tick) refers to rt_membox.o(i.rt_free_box) for rt_free_box
    rt_timer.o(i.rt_tmr_tick) refers to rt_timer.o(.data) for .data
    rt_timer.o(i.rt_tmr_tick) refers to rtx_conf_cm.o(.data) for m_tmr
    sqrt.o(i.__softfp_sqrt) refers (Special) to iusefp.o(.text) for __I$use$fp
    sqrt.o(i.__softfp_sqrt) refers to dsqrt.o(.text) for _dsqrt
    sqrt.o(i.__softfp_sqrt) refers to errno.o(i.__set_errno) for __set_errno
    sqrt.o(i.sqrt) refers (Special) to iusefp.o(.text) for __I$use$fp
    sqrt.o(i.sqrt) refers to dsqrt.o(.text) for _dsqrt
    sqrt.o(i.sqrt) refers to errno.o(i.__set_errno) for __set_errno
    sqrt_x.o(i.____softfp_sqrt$lsc) refers (Special) to iusefp.o(.text) for __I$use$fp
    sqrt_x.o(i.____softfp_sqrt$lsc) refers to cdcmple.o(.text) for __aeabi_cdcmple
    sqrt_x.o(i.____softfp_sqrt$lsc) refers to errno.o(i.__set_errno) for __set_errno
    sqrt_x.o(i.____softfp_sqrt$lsc) refers to dsqrt.o(.text) for _dsqrt
    sqrt_x.o(i.__sqrt$lsc) refers (Special) to iusefp.o(.text) for __I$use$fp
    sqrt_x.o(i.__sqrt$lsc) refers to cdcmple.o(.text) for __aeabi_cdcmple
    sqrt_x.o(i.__sqrt$lsc) refers to errno.o(i.__set_errno) for __set_errno
    sqrt_x.o(i.__sqrt$lsc) refers to dsqrt.o(.text) for _dsqrt
    entry.o(.ARM.Collect$$$$00000000) refers (Special) to entry7b.o(.ARM.Collect$$$$00000008) for _main_clock
    entry.o(.ARM.Collect$$$$00000000) refers (Special) to entry8.o(.ARM.Collect$$$$00000009) for _main_init
    entry.o(.ARM.Collect$$$$00000000) refers (Special) to entry5.o(.ARM.Collect$$$$00000004) for _main_scatterload
    entry.o(.ARM.Collect$$$$00000000) refers (Special) to entry2.o(.ARM.Collect$$$$00000001) for _main_stk
    uldiv.o(.text) refers to llushr.o(.text) for __aeabi_llsr
    uldiv.o(.text) refers to llshl.o(.text) for __aeabi_llsl
    fadd.o(.text) refers (Special) to iusefp.o(.text) for __I$use$fp
    fadd.o(.text) refers to fepilogue.o(.text) for _float_epilogue
    fmul.o(.text) refers (Special) to iusefp.o(.text) for __I$use$fp
    fdiv.o(.text) refers (Special) to iusefp.o(.text) for __I$use$fp
    fdiv.o(.text) refers to fepilogue.o(.text) for _float_round
    dadd.o(.text) refers (Special) to iusefp.o(.text) for __I$use$fp
    dadd.o(.text) refers to llshl.o(.text) for __aeabi_llsl
    dadd.o(.text) refers to llsshr.o(.text) for __aeabi_lasr
    dadd.o(.text) refers to depilogue.o(.text) for _double_epilogue
    dmul.o(.text) refers (Special) to iusefp.o(.text) for __I$use$fp
    dmul.o(.text) refers to depilogue.o(.text) for _double_epilogue
    dscalb.o(.text) refers (Special) to iusefp.o(.text) for __I$use$fp
    fflti.o(.text) refers (Special) to iusefp.o(.text) for __I$use$fp
    fflti.o(.text) refers to fepilogue.o(.text) for _float_epilogue
    ffltui.o(.text) refers (Special) to iusefp.o(.text) for __I$use$fp
    ffltui.o(.text) refers to fepilogue.o(.text) for _float_epilogue
    dflti.o(.text) refers (Special) to iusefp.o(.text) for __I$use$fp
    dflti.o(.text) refers to depilogue.o(.text) for _double_epilogue
    dfltui.o(.text) refers (Special) to iusefp.o(.text) for __I$use$fp
    dfltui.o(.text) refers to depilogue.o(.text) for _double_epilogue
    ffixi.o(.text) refers (Special) to iusefp.o(.text) for __I$use$fp
    ffixui.o(.text) refers (Special) to iusefp.o(.text) for __I$use$fp
    dfixui.o(.text) refers (Special) to iusefp.o(.text) for __I$use$fp
    dfixui.o(.text) refers to llushr.o(.text) for __aeabi_llsr
    f2d.o(.text) refers (Special) to iusefp.o(.text) for __I$use$fp
    cdcmple.o(.text) refers (Special) to iusefp.o(.text) for __I$use$fp
    d2f.o(.text) refers (Special) to iusefp.o(.text) for __I$use$fp
    d2f.o(.text) refers to fepilogue.o(.text) for _float_round
    entry2.o(.ARM.Collect$$$$00000001) refers to entry2.o(.ARM.Collect$$$$00002712) for __lit__00000000
    entry2.o(.ARM.Collect$$$$00002712) refers to startup_lpc17xx.o(STACK) for __initial_sp
    entry2.o(__vectab_stack_and_reset_area) refers to startup_lpc17xx.o(STACK) for __initial_sp
    entry2.o(__vectab_stack_and_reset_area) refers to entry.o(.ARM.Collect$$$$00000000) for __main
    entry5.o(.ARM.Collect$$$$00000004) refers to init.o(.text) for __scatterload
    entry8.o(.ARM.Collect$$$$00000009) refers to main.o(.text) for main
    errno.o(i.__aeabi_errno_addr) refers to errno.o(.data) for .data
    errno.o(i.__read_errno) refers to errno.o(.data) for .data
    errno.o(i.__set_errno) refers to errno.o(.data) for .data
    depilogue.o(.text) refers to llshl.o(.text) for __aeabi_llsl
    depilogue.o(.text) refers to llushr.o(.text) for __aeabi_llsr
    dsqrt.o(.text) refers to llushr.o(.text) for __aeabi_llsr
    dsqrt.o(.text) refers to depilogue.o(.text) for _double_round
    init.o(.text) refers to entry5.o(.ARM.Collect$$$$00000004) for __main_after_scatterload
    glcd_scroll.o(i.last_line) refers to glcd_scroll.o(.data) for .data
    glcd_scroll.o(i.last_window_line) refers to glcd_scroll.o(.data) for .data


==============================================================================

Removing Unused input sections from the image.

    Removing startup_lpc17xx.o(HEAP), (0 bytes).
    Removing system_lpc17xx.o(.rev16_text), (4 bytes).
    Removing system_lpc17xx.o(.revsh_text), (4 bytes).
    Removing glcd_spi_lpc1700.o(.rev16_text), (4 bytes).
    Removing glcd_spi_lpc1700.o(.revsh_text), (4 bytes).
    Removing led.o(.rev16_text), (4 bytes).
    Removing led.o(.revsh_text), (4 bytes).
    Removing main.o(.rev16_text), (4 bytes).
    Removing main.o(.revsh_text), (4 bytes).
    Removing main.o(.bss), (36 bytes).
    Removing main.o(.bss), (36 bytes).
    Removing main.o(.constdata), (4 bytes).
    Removing main.o(.constdata), (2 bytes).
    Removing main.o(.data), (4 bytes).
    Removing main.o(.data), (4 bytes).
    Removing main.o(.data), (4 bytes).
    Removing main.o(.data), (4 bytes).
    Removing main.o(.data), (4 bytes).
    Removing main.o(.data), (4 bytes).
    Removing main.o(.data), (4 bytes).
    Removing main.o(.data), (2 bytes).
    Removing main.o(.data), (4 bytes).
    Removing main.o(.data), (2 bytes).
    Removing main.o(.data), (4 bytes).
    Removing main.o(.data), (4 bytes).
    Removing main.o(.data), (2 bytes).
    Removing kbd.o(.rev16_text), (4 bytes).
    Removing kbd.o(.revsh_text), (4 bytes).
    Removing adc.o(.rev16_text), (4 bytes).
    Removing adc.o(.revsh_text), (4 bytes).
    Removing objects.o(.rev16_text), (4 bytes).
    Removing objects.o(.revsh_text), (4 bytes).
    Removing retarget.o(.text), (62 bytes).
    Removing retarget.o(.data), (4 bytes).
    Removing retarget.o(.data), (4 bytes).
    Removing glcd_scroll.o(.rev16_text), (4 bytes).
    Removing glcd_scroll.o(.revsh_text), (4 bytes).
    Removing rt_task.o(i.rt_tsk_pass), (48 bytes).
    Removing rt_task.o(i.rt_tsk_prio), (128 bytes).
    Removing rt_task.o(i.rt_tsk_self), (16 bytes).
    Removing rt_time.o(i.rt_time_get), (12 bytes).
    Removing rt_system.o(.emb_text), (0 bytes).
    Removing rt_system.o(i.rt_psh_req), (32 bytes).
    Removing rt_system.o(i.rt_resume), (176 bytes).
    Removing rt_system.o(i.rt_suspend), (44 bytes).
    Removing rt_system.o(i.rt_tsk_lock), (80 bytes).
    Removing rt_system.o(i.rt_tsk_unlock), (80 bytes).
    Removing rt_list.o(i.rt_get_same_rdy_prio), (36 bytes).
    Removing rt_list.o(i.rt_psq_enq), (88 bytes).
    Removing rt_membox.o(i._calloc_box), (30 bytes).
    Removing rt_event.o(i.isr_evt_set), (40 bytes).
    Removing rt_event.o(i.rt_evt_clr), (28 bytes).
    Removing rt_event.o(i.rt_evt_get), (12 bytes).
    Removing rt_event.o(i.rt_evt_set), (96 bytes).
    Removing rt_event.o(i.rt_evt_wait), (64 bytes).
    Removing rt_mailbox.o(i.isr_mbx_receive), (84 bytes).
    Removing rt_mailbox.o(i.isr_mbx_send), (14 bytes).
    Removing rt_mailbox.o(i.rt_mbx_check), (8 bytes).
    Removing rt_mailbox.o(i.rt_mbx_init), (26 bytes).
    Removing rt_mailbox.o(i.rt_mbx_send), (160 bytes).
    Removing rt_mailbox.o(i.rt_mbx_wait), (184 bytes).
    Removing rt_semaphore.o(i.isr_sem_send), (16 bytes).
    Removing rt_semaphore.o(i.rt_sem_init), (12 bytes).
    Removing rt_semaphore.o(i.rt_sem_send), (56 bytes).
    Removing rt_semaphore.o(i.rt_sem_wait), (60 bytes).
    Removing rt_timer.o(i.rt_tmr_create), (80 bytes).
    Removing rt_timer.o(i.rt_tmr_kill), (52 bytes).

67 unused section(s) (total 2020 bytes) removed from the image.

==============================================================================

Image Symbol Table

    Local Symbols

    Symbol Name                              Value     Ov Type        Size  Object(Section)

    RESET                                    0x00000000   Section      204  startup_lpc17xx.o(RESET)
    ../clib/microlib/division.c              0x00000000   Number         0  uldiv.o ABSOLUTE
    ../clib/microlib/errno.c                 0x00000000   Number         0  errno.o ABSOLUTE
    ../clib/microlib/init/entry.s            0x00000000   Number         0  entry2.o ABSOLUTE
    ../clib/microlib/init/entry.s            0x00000000   Number         0  entry5.o ABSOLUTE
    ../clib/microlib/init/entry.s            0x00000000   Number         0  entry.o ABSOLUTE
    ../clib/microlib/init/entry.s            0x00000000   Number         0  entry7b.o ABSOLUTE
    ../clib/microlib/init/entry.s            0x00000000   Number         0  entry8.o ABSOLUTE
    ../clib/microlib/init/entry.s            0x00000000   Number         0  entry7a.o ABSOLUTE
    ../clib/microlib/longlong.c              0x00000000   Number         0  llshl.o ABSOLUTE
    ../clib/microlib/longlong.c              0x00000000   Number         0  llushr.o ABSOLUTE
    ../clib/microlib/longlong.c              0x00000000   Number         0  llsshr.o ABSOLUTE
    ../clib/microlib/string/memcpy.c         0x00000000   Number         0  memcpyb.o ABSOLUTE
    ../clib/microlib/string/memcpy.c         0x00000000   Number         0  memcpya.o ABSOLUTE
    ../clib/microlib/stubs.s                 0x00000000   Number         0  iusefp.o ABSOLUTE
    ../clib/microlib/stubs.s                 0x00000000   Number         0  useno.o ABSOLUTE
    ../fplib/microlib/d2f.c                  0x00000000   Number         0  d2f.o ABSOLUTE
    ../fplib/microlib/f2d.c                  0x00000000   Number         0  f2d.o ABSOLUTE
    ../fplib/microlib/fpadd.c                0x00000000   Number         0  dadd.o ABSOLUTE
    ../fplib/microlib/fpadd.c                0x00000000   Number         0  fadd.o ABSOLUTE
    ../fplib/microlib/fpdiv.c                0x00000000   Number         0  fdiv.o ABSOLUTE
    ../fplib/microlib/fpepilogue.c           0x00000000   Number         0  fepilogue.o ABSOLUTE
    ../fplib/microlib/fpepilogue.c           0x00000000   Number         0  depilogue.o ABSOLUTE
    ../fplib/microlib/fpfix.c                0x00000000   Number         0  dfixui.o ABSOLUTE
    ../fplib/microlib/fpfix.c                0x00000000   Number         0  ffixui.o ABSOLUTE
    ../fplib/microlib/fpfix.c                0x00000000   Number         0  ffixi.o ABSOLUTE
    ../fplib/microlib/fpflt.c                0x00000000   Number         0  fflti.o ABSOLUTE
    ../fplib/microlib/fpflt.c                0x00000000   Number         0  ffltui.o ABSOLUTE
    ../fplib/microlib/fpflt.c                0x00000000   Number         0  dfltui.o ABSOLUTE
    ../fplib/microlib/fpflt.c                0x00000000   Number         0  dflti.o ABSOLUTE
    ../fplib/microlib/fpmul.c                0x00000000   Number         0  dmul.o ABSOLUTE
    ../fplib/microlib/fpmul.c                0x00000000   Number         0  fmul.o ABSOLUTE
    ../fplib/microlib/fpscalb.c              0x00000000   Number         0  dscalb.o ABSOLUTE
    ../fplib/microlib/fpsqrt.c               0x00000000   Number         0  dsqrt.o ABSOLUTE
    ../mathlib/sqrt.c                        0x00000000   Number         0  sqrt_x.o ABSOLUTE
    ../mathlib/sqrt.c                        0x00000000   Number         0  sqrt.o ABSOLUTE
    ADC.c                                    0x00000000   Number         0  adc.o ABSOLUTE
    ADC.c                                    0x00000000   Number         0  adc.o ABSOLUTE
    GLCD_SPI_LPC1700.c                       0x00000000   Number         0  glcd_spi_lpc1700.o ABSOLUTE
    GLCD_SPI_LPC1700.c                       0x00000000   Number         0  glcd_spi_lpc1700.o ABSOLUTE
    GLCD_Scroll.c                            0x00000000   Number         0  glcd_scroll.o ABSOLUTE
    GLCD_Scroll.c                            0x00000000   Number         0  glcd_scroll.o ABSOLUTE
    KBD.c                                    0x00000000   Number         0  kbd.o ABSOLUTE
    KBD.c                                    0x00000000   Number         0  kbd.o ABSOLUTE
    LED.c                                    0x00000000   Number         0  led.o ABSOLUTE
    LED.c                                    0x00000000   Number         0  led.o ABSOLUTE
    Main.c                                   0x00000000   Number         0  main.o ABSOLUTE
    Main.c                                   0x00000000   Number         0  main.o ABSOLUTE
    RTX_Conf_CM.c                            0x00000000   Number         0  rtx_conf_cm.o ABSOLUTE
    Retarget.c                               0x00000000   Number         0  retarget.o ABSOLUTE
    SRC\CM\HAL_CM3.c                         0x00000000   Number         0  hal_cm3.o ABSOLUTE
    SRC\CM\SVC_Table.s                       0x00000000   Number         0  SVC_Table.o ABSOLUTE
    SRC\CM\rt_Event.c                        0x00000000   Number         0  rt_event.o ABSOLUTE
    SRC\CM\rt_List.c                         0x00000000   Number         0  rt_list.o ABSOLUTE
    SRC\CM\rt_Mailbox.c                      0x00000000   Number         0  rt_mailbox.o ABSOLUTE
    SRC\CM\rt_MemBox.c                       0x00000000   Number         0  rt_membox.o ABSOLUTE
    SRC\CM\rt_Mutex.c                        0x00000000   Number         0  rt_mutex.o ABSOLUTE
    SRC\CM\rt_Robin.c                        0x00000000   Number         0  rt_robin.o ABSOLUTE
    SRC\CM\rt_Semaphore.c                    0x00000000   Number         0  rt_semaphore.o ABSOLUTE
    SRC\CM\rt_System.c                       0x00000000   Number         0  rt_system.o ABSOLUTE
    SRC\CM\rt_Task.c                         0x00000000   Number         0  rt_task.o ABSOLUTE
    SRC\CM\rt_Time.c                         0x00000000   Number         0  rt_time.o ABSOLUTE
    SRC\CM\rt_Timer.c                        0x00000000   Number         0  rt_timer.o ABSOLUTE
    SRC\\CM\\HAL_CM3.c                       0x00000000   Number         0  hal_cm3.o ABSOLUTE
    SRC\\CM\\rt_System.c                     0x00000000   Number         0  rt_system.o ABSOLUTE
    cdcmple.s                                0x00000000   Number         0  cdcmple.o ABSOLUTE
    dc.s                                     0x00000000   Number         0  dc.o ABSOLUTE
    handlers.s                               0x00000000   Number         0  handlers.o ABSOLUTE
    init.s                                   0x00000000   Number         0  init.o ABSOLUTE
    objects.c                                0x00000000   Number         0  objects.o ABSOLUTE
    objects.c                                0x00000000   Number         0  objects.o ABSOLUTE
    startup_LPC17xx.s                        0x00000000   Number         0  startup_lpc17xx.o ABSOLUTE
    system_LPC17xx.c                         0x00000000   Number         0  system_lpc17xx.o ABSOLUTE
    system_LPC17xx.c                         0x00000000   Number         0  system_lpc17xx.o ABSOLUTE
    .ARM.Collect$$$$00000000                 0x000000cc   Section        0  entry.o(.ARM.Collect$$$$00000000)
    .ARM.Collect$$$$00000001                 0x000000cc   Section        4  entry2.o(.ARM.Collect$$$$00000001)
    .ARM.Collect$$$$00000004                 0x000000d0   Section        4  entry5.o(.ARM.Collect$$$$00000004)
    .ARM.Collect$$$$00000008                 0x000000d4   Section        0  entry7b.o(.ARM.Collect$$$$00000008)
    .ARM.Collect$$$$00000009                 0x000000d4   Section        8  entry8.o(.ARM.Collect$$$$00000009)
    .ARM.Collect$$$$00002712                 0x000000dc   Section        4  entry2.o(.ARM.Collect$$$$00002712)
    __lit__00000000                          0x000000dc   Data           4  entry2.o(.ARM.Collect$$$$00002712)
    .emb_text                                0x000000e0   Section      340  hal_cm3.o(.emb_text)
    .text                                    0x00000234   Section       36  startup_lpc17xx.o(.text)
    .text                                    0x00000258   Section        0  rtx_conf_cm.o(.text)
    .text                                    0x00000260   Section        0  kbd.o(.text)
    .text                                    0x000002a8   Section        0  memcpya.o(.text)
    .text                                    0x000002cc   Section        0  dscalb.o(.text)
    .text                                    0x000002fa   Section        0  iusefp.o(.text)
    i.__scatterload_null                     0x000002fa   Section        2  handlers.o(i.__scatterload_null)
    .ARM.__at_0x02FC                         0x000002fc   Section        4  startup_lpc17xx.o(.ARM.__at_0x02FC)
    .text                                    0x00000300   Section        0  system_lpc17xx.o(.text)
    .text                                    0x000004a4   Section        0  glcd_spi_lpc1700.o(.text)
    spi_tran_man                             0x000004a5   Thumb Code   106  glcd_spi_lpc1700.o(.text)
    delay                                    0x00000df7   Thumb Code     8  glcd_spi_lpc1700.o(.text)
    spi_tran                                 0x00000dff   Thumb Code    16  glcd_spi_lpc1700.o(.text)
    wr_cmd                                   0x00000e0f   Thumb Code    32  glcd_spi_lpc1700.o(.text)
    wr_dat                                   0x00000e2f   Thumb Code    32  glcd_spi_lpc1700.o(.text)
    wr_dat_start                             0x00000e4f   Thumb Code    10  glcd_spi_lpc1700.o(.text)
    wr_dat_only                              0x00000e59   Thumb Code    18  glcd_spi_lpc1700.o(.text)
    wr_reg                                   0x00000e6b   Thumb Code    16  glcd_spi_lpc1700.o(.text)
    rd_id_man                                0x00000e7b   Thumb Code   130  glcd_spi_lpc1700.o(.text)
    .text                                    0x00000efc   Section        0  led.o(.text)
    .text                                    0x00000fa0   Section        0  main.o(.text)
    NVIC_EnableIRQ                           0x00001a33   Thumb Code    24  main.o(.text)
    .text                                    0x00001a88   Section        0  adc.o(.text)
    .text                                    0x00001af4   Section        0  objects.o(.text)
    .text                                    0x00001bc0   Section        0  glcd_scroll.o(.text)
    .text                                    0x00001e58   Section        0  uldiv.o(.text)
    .text                                    0x00001eba   Section        0  fadd.o(.text)
    .text                                    0x00001f6a   Section        0  fmul.o(.text)
    .text                                    0x00001fd6   Section        0  fdiv.o(.text)
    .text                                    0x00002056   Section        0  dadd.o(.text)
    .text                                    0x000021a4   Section        0  dmul.o(.text)
    .text                                    0x00002288   Section        0  fflti.o(.text)
    .text                                    0x0000229a   Section        0  ffltui.o(.text)
    .text                                    0x000022a4   Section        0  dflti.o(.text)
    .text                                    0x000022c6   Section        0  dfltui.o(.text)
    .text                                    0x000022e0   Section        0  ffixi.o(.text)
    .text                                    0x00002312   Section        0  ffixui.o(.text)
    .text                                    0x0000233a   Section        0  dfixui.o(.text)
    .text                                    0x0000236c   Section        0  f2d.o(.text)
    .text                                    0x00002394   Section       40  cdcmple.o(.text)
    .text                                    0x000023bc   Section        0  d2f.o(.text)
    .text                                    0x000023f4   Section        0  llshl.o(.text)
    .text                                    0x00002412   Section        0  llushr.o(.text)
    .text                                    0x00002432   Section        0  llsshr.o(.text)
    .text                                    0x00002456   Section        0  fepilogue.o(.text)
    .text                                    0x000024c2   Section        0  depilogue.o(.text)
    .text                                    0x00002580   Section        0  dsqrt.o(.text)
    .text                                    0x00002624   Section       36  init.o(.text)
    SVC_TABLE                                0x00002648   Section        4  SVC_Table.o(SVC_TABLE)
    i.__scatterload_copy                     0x0000264c   Section       14  handlers.o(i.__scatterload_copy)
    i.__scatterload_zeroinit                 0x0000265a   Section       14  handlers.o(i.__scatterload_zeroinit)
    i.__set_errno                            0x00002668   Section        0  errno.o(i.__set_errno)
    i._init_box                              0x00002674   Section        0  rt_membox.o(i._init_box)
    i.dbg_init                               0x000026bc   Section        0  hal_cm3.o(i.dbg_init)
    i.dbg_task_notify                        0x000026ec   Section        0  hal_cm3.o(i.dbg_task_notify)
    i.dbg_task_switch                        0x0000270c   Section        0  hal_cm3.o(i.dbg_task_switch)
    i.last_line                              0x0000271c   Section        0  glcd_scroll.o(i.last_line)
    i.last_window_line                       0x00002734   Section        0  glcd_scroll.o(i.last_window_line)
    i.os_tick_init                           0x0000274c   Section        0  rt_system.o(i.os_tick_init)
    i.os_tick_irqack                         0x00002774   Section        0  rt_system.o(i.os_tick_irqack)
    i.rt_alloc_box                           0x00002776   Section        0  rt_membox.o(i.rt_alloc_box)
    i.rt_block                               0x00002790   Section        0  rt_task.o(i.rt_block)
    i.rt_chk_robin                           0x000027c8   Section        0  rt_robin.o(i.rt_chk_robin)
    i.rt_dec_dly                             0x00002810   Section        0  rt_list.o(i.rt_dec_dly)
    i.rt_dispatch                            0x00002884   Section        0  rt_task.o(i.rt_dispatch)
    i.rt_dly_wait                            0x000028c8   Section        0  rt_time.o(i.rt_dly_wait)
    i.rt_evt_psh                             0x000028d0   Section        0  rt_event.o(i.rt_evt_psh)
    i.rt_free_box                            0x0000291c   Section        0  rt_membox.o(i.rt_free_box)
    i.rt_get_first                           0x0000293c   Section        0  rt_list.o(i.rt_get_first)
    i.rt_init_context                        0x00002964   Section        0  rt_task.o(i.rt_init_context)
    rt_init_context                          0x00002965   Thumb Code    64  rt_task.o(i.rt_init_context)
    i.rt_init_robin                          0x000029a8   Section        0  rt_robin.o(i.rt_init_robin)
    i.rt_init_stack                          0x000029c0   Section        0  hal_cm3.o(i.rt_init_stack)
    i.rt_itv_set                             0x00002a10   Section        0  rt_time.o(i.rt_itv_set)
    i.rt_itv_wait                            0x00002a28   Section        0  rt_time.o(i.rt_itv_wait)
    i.rt_mbx_psh                             0x00002a54   Section        0  rt_mailbox.o(i.rt_mbx_psh)
    i.rt_mut_init                            0x00002b14   Section        0  rt_mutex.o(i.rt_mut_init)
    i.rt_mut_release                         0x00002b24   Section        0  rt_mutex.o(i.rt_mut_release)
    i.rt_mut_wait                            0x00002bd0   Section        0  rt_mutex.o(i.rt_mut_wait)
    i.rt_pop_req                             0x00002c34   Section        0  rt_system.o(i.rt_pop_req)
    i.rt_put_dly                             0x00002cac   Section        0  rt_list.o(i.rt_put_dly)
    i.rt_put_prio                            0x00002cf4   Section        0  rt_list.o(i.rt_put_prio)
    i.rt_put_rdy_first                       0x00002d2c   Section        0  rt_list.o(i.rt_put_rdy_first)
    i.rt_resort_prio                         0x00002d40   Section        0  rt_list.o(i.rt_resort_prio)
    i.rt_rmv_dly                             0x00002d74   Section        0  rt_list.o(i.rt_rmv_dly)
    i.rt_rmv_list                            0x00002d9c   Section        0  rt_list.o(i.rt_rmv_list)
    i.rt_sem_psh                             0x00002dcc   Section        0  rt_semaphore.o(i.rt_sem_psh)
    i.rt_stk_check                           0x00002e00   Section        0  rt_system.o(i.rt_stk_check)
    i.rt_switch_req                          0x00002e24   Section        0  rt_task.o(i.rt_switch_req)
    i.rt_sys_init                            0x00002e4c   Section        0  rt_task.o(i.rt_sys_init)
    i.rt_systick                             0x00002fa4   Section        0  rt_system.o(i.rt_systick)
    i.rt_tmr_tick                            0x00002fe0   Section        0  rt_timer.o(i.rt_tmr_tick)
    i.rt_tsk_create                          0x00003020   Section        0  rt_task.o(i.rt_tsk_create)
    i.rt_tsk_delete                          0x000030b4   Section        0  rt_task.o(i.rt_tsk_delete)
    i.sqrt                                   0x00003170   Section        0  sqrt.o(i.sqrt)
    .constdata                               0x000031be   Section        2  rtx_conf_cm.o(.constdata)
    .constdata                               0x000031c0   Section        4  rtx_conf_cm.o(.constdata)
    .constdata                               0x000031c4   Section        4  rtx_conf_cm.o(.constdata)
    .constdata                               0x000031c8   Section        4  rtx_conf_cm.o(.constdata)
    .constdata                               0x000031cc   Section        1  rtx_conf_cm.o(.constdata)
    .constdata                               0x000031d0   Section        8  rtx_conf_cm.o(.constdata)
    __tagsym$$used                           0x000031d0   Number         0  rtx_conf_cm.o(.constdata)
    __tagsym$$used                           0x000031d4   Number         0  rtx_conf_cm.o(.constdata)
    .constdata                               0x000031d8   Section        2  rtx_conf_cm.o(.constdata)
    .constdata                               0x000031dc   Section        4  rtx_conf_cm.o(.constdata)
    .constdata                               0x000031e0   Section        1  rtx_conf_cm.o(.constdata)
    .constdata                               0x000031e2   Section        2  rtx_conf_cm.o(.constdata)
    .constdata                               0x000031e4   Section     6272  glcd_spi_lpc1700.o(.constdata)
    .constdata                               0x00004a64   Section       32  led.o(.constdata)
    .constdata                               0x00004a84   Section    12800  main.o(.constdata)
    pic_ai8_bmp                              0x00004a84   Data        3600  main.o(.constdata)
    pic_ball6_bmp                            0x00005894   Data         800  main.o(.constdata)
    pic_player8_bmp                          0x00005bb4   Data        3600  main.o(.constdata)
    pic_bg_height_bmp                        0x000069c4   Data         600  main.o(.constdata)
    pic_bg_wide_bmp                          0x00006c1c   Data        2400  main.o(.constdata)
    pic_bg_ball_bmp                          0x0000757c   Data         800  main.o(.constdata)
    pic_court_net6_bmp                       0x0000789c   Data        1000  main.o(.constdata)
    .data                                    0x10000000   Section        4  system_lpc17xx.o(.data)
    .data                                    0x10000004   Section        4  rtx_conf_cm.o(.data)
    .data                                    0x10000008   Section        6  glcd_spi_lpc1700.o(.data)
    Himax                                    0x10000008   Data           1  glcd_spi_lpc1700.o(.data)
    Color                                    0x1000000a   Data           4  glcd_spi_lpc1700.o(.data)
    .data                                    0x10000010   Section      108  main.o(.data)
    .data                                    0x1000007c   Section        4  main.o(.data)
    .data                                    0x10000080   Section        4  main.o(.data)
    .data                                    0x10000084   Section        4  kbd.o(.data)
    .data                                    0x10000088   Section       20  glcd_scroll.o(.data)
    .data                                    0x1000009c   Section        8  rt_task.o(.data)
    .data                                    0x100000a4   Section        4  rt_time.o(.data)
    .data                                    0x100000a8   Section        1  hal_cm3.o(.data)
    .data                                    0x100000ac   Section        8  rt_system.o(.data)
    os_lock                                  0x100000ac   Data           1  rt_system.o(.data)
    os_psh_flag                              0x100000ad   Data           1  rt_system.o(.data)
    pend_flags                               0x100000ae   Data           1  rt_system.o(.data)
    .data                                    0x100000b4   Section        8  rt_robin.o(.data)
    .data                                    0x100000bc   Section        8  rt_timer.o(.data)
    .data                                    0x100000c4   Section        4  errno.o(.data)
    _errno                                   0x100000c4   Data           4  errno.o(.data)
    .bss                                     0x100000c8   Section      348  rtx_conf_cm.o(.bss)
    .bss                                     0x10000228   Section     1616  rtx_conf_cm.o(.bss)
    .bss                                     0x10000878   Section      132  rtx_conf_cm.o(.bss)
    .bss                                     0x100008fc   Section       28  rtx_conf_cm.o(.bss)
    .bss                                     0x10000918   Section      348  main.o(.bss)
    .bss                                     0x10000a74   Section      525  glcd_scroll.o(.bss)
    .bss                                     0x10000c84   Section       48  rt_task.o(.bss)
    .bss                                     0x10000cb4   Section       48  rt_list.o(.bss)
    STACK                                    0x10000ce8   Section      512  startup_lpc17xx.o(STACK)

    Global Symbols

    Symbol Name                              Value     Ov Type        Size  Object(Section)

    BuildAttributes$$THM_ISAv4$P$D$K$B$S$PE$A:L22UL41UL21$X:L11$S22US41US21$IEEE1$IW$USESV6$~STKCKD$USESV7$~SHL$OTIME$ROPI$IEEEJ$EBA8$MICROLIB$REQ8$PRES8$EABIv2 0x00000000   Number         0  anon$$obj.o ABSOLUTE
    __ARM_use_no_argv                        0x00000000   Number         0  main.o ABSOLUTE
    __Vectors                                0x00000000   Data           4  startup_lpc17xx.o(RESET)
    __use_no_errno                           0x00000000   Number         0  useno.o ABSOLUTE
    __use_no_exception_handling              0x00000000   Number         0  useno.o ABSOLUTE
    __use_no_fp                              0x00000000   Number         0  useno.o ABSOLUTE
    __use_no_heap                            0x00000000   Number         0  useno.o ABSOLUTE
    __use_no_heap_region                     0x00000000   Number         0  useno.o ABSOLUTE
    __use_no_semihosting                     0x00000000   Number         0  useno.o ABSOLUTE
    __use_no_semihosting_swi                 0x00000000   Number         0  useno.o ABSOLUTE
    __use_no_signal_handling                 0x00000000   Number         0  useno.o ABSOLUTE
    __decompress                              - Undefined Weak Reference
    _clock_init                               - Undefined Weak Reference
    __main                                   0x000000cd   Thumb Code     0  entry.o(.ARM.Collect$$$$00000000)
    _main_stk                                0x000000cd   Thumb Code     0  entry2.o(.ARM.Collect$$$$00000001)
    _main_scatterload                        0x000000d1   Thumb Code     0  entry5.o(.ARM.Collect$$$$00000004)
    __main_after_scatterload                 0x000000d5   Thumb Code     0  entry5.o(.ARM.Collect$$$$00000004)
    _main_clock                              0x000000d5   Thumb Code     0  entry7b.o(.ARM.Collect$$$$00000008)
    _main_init                               0x000000d5   Thumb Code     0  entry8.o(.ARM.Collect$$$$00000009)
    rt_set_PSP                               0x000000e1   Thumb Code     6  hal_cm3.o(.emb_text)
    rt_get_PSP                               0x000000e7   Thumb Code     6  hal_cm3.o(.emb_text)
    os_set_env                               0x000000ed   Thumb Code    24  hal_cm3.o(.emb_text)
    _alloc_box                               0x00000109   Thumb Code    28  hal_cm3.o(.emb_text)
    _free_box                                0x00000129   Thumb Code    28  hal_cm3.o(.emb_text)
    SVC_Handler                              0x00000149   Thumb Code   124  hal_cm3.o(.emb_text)
    PendSV_Handler                           0x000001d1   Thumb Code    76  hal_cm3.o(.emb_text)
    SysTick_Handler                          0x00000221   Thumb Code     8  hal_cm3.o(.emb_text)
    OS_Tick_Handler                          0x00000229   Thumb Code    12  hal_cm3.o(.emb_text)
    Reset_Handler                            0x00000235   Thumb Code     8  startup_lpc17xx.o(.text)
    NMI_Handler                              0x0000023d   Thumb Code     2  startup_lpc17xx.o(.text)
    HardFault_Handler                        0x0000023f   Thumb Code     2  startup_lpc17xx.o(.text)
    MemManage_Handler                        0x00000241   Thumb Code     2  startup_lpc17xx.o(.text)
    BusFault_Handler                         0x00000243   Thumb Code     2  startup_lpc17xx.o(.text)
    UsageFault_Handler                       0x00000245   Thumb Code     2  startup_lpc17xx.o(.text)
    DebugMon_Handler                         0x00000249   Thumb Code     2  startup_lpc17xx.o(.text)
    BOD_IRQHandler                           0x0000024f   Thumb Code     0  startup_lpc17xx.o(.text)
    CANActivity_IRQHandler                   0x0000024f   Thumb Code     0  startup_lpc17xx.o(.text)
    CAN_IRQHandler                           0x0000024f   Thumb Code     0  startup_lpc17xx.o(.text)
    DMA_IRQHandler                           0x0000024f   Thumb Code     0  startup_lpc17xx.o(.text)
    EINT0_IRQHandler                         0x0000024f   Thumb Code     0  startup_lpc17xx.o(.text)
    EINT1_IRQHandler                         0x0000024f   Thumb Code     0  startup_lpc17xx.o(.text)
    EINT2_IRQHandler                         0x0000024f   Thumb Code     0  startup_lpc17xx.o(.text)
    EINT3_IRQHandler                         0x0000024f   Thumb Code     0  startup_lpc17xx.o(.text)
    ENET_IRQHandler                          0x0000024f   Thumb Code     0  startup_lpc17xx.o(.text)
    I2C0_IRQHandler                          0x0000024f   Thumb Code     0  startup_lpc17xx.o(.text)
    I2C1_IRQHandler                          0x0000024f   Thumb Code     0  startup_lpc17xx.o(.text)
    I2C2_IRQHandler                          0x0000024f   Thumb Code     0  startup_lpc17xx.o(.text)
    I2S_IRQHandler                           0x0000024f   Thumb Code     0  startup_lpc17xx.o(.text)
    MCPWM_IRQHandler                         0x0000024f   Thumb Code     0  startup_lpc17xx.o(.text)
    PLL0_IRQHandler                          0x0000024f   Thumb Code     0  startup_lpc17xx.o(.text)
    PLL1_IRQHandler                          0x0000024f   Thumb Code     0  startup_lpc17xx.o(.text)
    PWM1_IRQHandler                          0x0000024f   Thumb Code     0  startup_lpc17xx.o(.text)
    QEI_IRQHandler                           0x0000024f   Thumb Code     0  startup_lpc17xx.o(.text)
    RIT_IRQHandler                           0x0000024f   Thumb Code     0  startup_lpc17xx.o(.text)
    RTC_IRQHandler                           0x0000024f   Thumb Code     0  startup_lpc17xx.o(.text)
    SPI_IRQHandler                           0x0000024f   Thumb Code     0  startup_lpc17xx.o(.text)
    SSP0_IRQHandler                          0x0000024f   Thumb Code     0  startup_lpc17xx.o(.text)
    SSP1_IRQHandler                          0x0000024f   Thumb Code     0  startup_lpc17xx.o(.text)
    TIMER0_IRQHandler                        0x0000024f   Thumb Code     0  startup_lpc17xx.o(.text)
    TIMER1_IRQHandler                        0x0000024f   Thumb Code     0  startup_lpc17xx.o(.text)
    TIMER2_IRQHandler                        0x0000024f   Thumb Code     0  startup_lpc17xx.o(.text)
    TIMER3_IRQHandler                        0x0000024f   Thumb Code     0  startup_lpc17xx.o(.text)
    UART0_IRQHandler                         0x0000024f   Thumb Code     0  startup_lpc17xx.o(.text)
    UART1_IRQHandler                         0x0000024f   Thumb Code     0  startup_lpc17xx.o(.text)
    UART2_IRQHandler                         0x0000024f   Thumb Code     0  startup_lpc17xx.o(.text)
    UART3_IRQHandler                         0x0000024f   Thumb Code     0  startup_lpc17xx.o(.text)
    USBActivity_IRQHandler                   0x0000024f   Thumb Code     0  startup_lpc17xx.o(.text)
    USB_IRQHandler                           0x0000024f   Thumb Code     0  startup_lpc17xx.o(.text)
    WDT_IRQHandler                           0x0000024f   Thumb Code     0  startup_lpc17xx.o(.text)
    os_idle_demon                            0x00000259   Thumb Code     2  rtx_conf_cm.o(.text)
    os_tmr_call                              0x0000025b   Thumb Code     2  rtx_conf_cm.o(.text)
    os_error                                 0x0000025d   Thumb Code     2  rtx_conf_cm.o(.text)
    KBD_Init                                 0x00000261   Thumb Code    38  kbd.o(.text)
    KBD_Get                                  0x00000287   Thumb Code    12  kbd.o(.text)
    INT0_Get                                 0x00000293   Thumb Code    10  kbd.o(.text)
    __aeabi_memcpy                           0x000002a9   Thumb Code    36  memcpya.o(.text)
    __aeabi_memcpy4                          0x000002a9   Thumb Code     0  memcpya.o(.text)
    __aeabi_memcpy8                          0x000002a9   Thumb Code     0  memcpya.o(.text)
    __ARM_scalbn                             0x000002cd   Thumb Code    46  dscalb.o(.text)
    scalbn                                   0x000002cd   Thumb Code     0  dscalb.o(.text)
    __I$use$fp                               0x000002fb   Thumb Code     0  iusefp.o(.text)
    __scatterload_null                       0x000002fb   Thumb Code     2  handlers.o(i.__scatterload_null)
    SystemCoreClockUpdate                    0x00000301   Thumb Code   194  system_lpc17xx.o(.text)
    SystemInit                               0x000003c3   Thumb Code   194  system_lpc17xx.o(.text)
    __RL_RTX_VER                             0x00000460   Number         0  rt_system.o ABSOLUTE
    GLCD_Init                                0x0000050f   Thumb Code  1472  glcd_spi_lpc1700.o(.text)
    GLCD_SetWindow                           0x00000acf   Thumb Code   148  glcd_spi_lpc1700.o(.text)
    GLCD_WindowMax                           0x00000b63   Thumb Code    12  glcd_spi_lpc1700.o(.text)
    GLCD_PutPixel                            0x00000b6f   Thumb Code   118  glcd_spi_lpc1700.o(.text)
    GLCD_SetTextColor                        0x00000be5   Thumb Code     8  glcd_spi_lpc1700.o(.text)
    GLCD_SetBackColor                        0x00000bed   Thumb Code     8  glcd_spi_lpc1700.o(.text)
    GLCD_Clear                               0x00000bf5   Thumb Code    44  glcd_spi_lpc1700.o(.text)
    GLCD_DrawChar                            0x00000c21   Thumb Code   138  glcd_spi_lpc1700.o(.text)
    GLCD_DisplayChar                         0x00000cab   Thumb Code    66  glcd_spi_lpc1700.o(.text)
    GLCD_DisplayString                       0x00000ced   Thumb Code    36  glcd_spi_lpc1700.o(.text)
    GLCD_ClearLn                             0x00000d11   Thumb Code    72  glcd_spi_lpc1700.o(.text)
    GLCD_Bargraph                            0x00000d59   Thumb Code    84  glcd_spi_lpc1700.o(.text)
    GLCD_Bitmap                              0x00000dad   Thumb Code    64  glcd_spi_lpc1700.o(.text)
    GLCD_ScrollVertical                      0x00000ded   Thumb Code     2  glcd_spi_lpc1700.o(.text)
    GLCD_WrCmd                               0x00000def   Thumb Code     4  glcd_spi_lpc1700.o(.text)
    GLCD_WrReg                               0x00000df3   Thumb Code     4  glcd_spi_lpc1700.o(.text)
    LED_Init                                 0x00000efd   Thumb Code    30  led.o(.text)
    LED_On                                   0x00000f1b   Thumb Code    28  led.o(.text)
    LED_Off                                  0x00000f37   Thumb Code    28  led.o(.text)
    LED_Out                                  0x00000f53   Thumb Code    38  led.o(.text)
    LED_Toggle                               0x00000f79   Thumb Code    28  led.o(.text)
    detect_collision                         0x00000fa1   Thumb Code   234  main.o(.text)
    keyread                                  0x0000108b   Thumb Code    24  main.o(.text)
    adc                                      0x000010a3   Thumb Code    14  main.o(.text)
    lcd                                      0x000010b1   Thumb Code    24  main.o(.text)
    player_tsk                               0x000010c9   Thumb Code   536  main.o(.text)
    ball_tsk                                 0x000012e1   Thumb Code  1256  main.o(.text)
    opponent_tsk                             0x000017c9   Thumb Code    16  main.o(.text)
    init                                     0x000017d9   Thumb Code   168  main.o(.text)
    main                                     0x00001881   Thumb Code   434  main.o(.text)
    ADC_Init                                 0x00001a89   Thumb Code    40  adc.o(.text)
    ADC_IRQHandler                           0x00001ab1   Thumb Code    20  adc.o(.text)
    ADC_ConverstionStart                     0x00001ac5   Thumb Code    12  adc.o(.text)
    ADC_ConverstionStop                      0x00001ad1   Thumb Code    12  adc.o(.text)
    init_game                                0x00001af5   Thumb Code   100  objects.o(.text)
    write_obect_lcd                          0x00001b59   Thumb Code    18  objects.o(.text)
    write_ball                               0x00001b6b   Thumb Code    86  objects.o(.text)
    init_scroll                              0x00001bc1   Thumb Code    42  glcd_scroll.o(.text)
    refresh_lcd                              0x00001beb   Thumb Code    64  glcd_scroll.o(.text)
    append_char                              0x00001c2b   Thumb Code   156  glcd_scroll.o(.text)
    print_text                               0x00001cc7   Thumb Code    24  glcd_scroll.o(.text)
    print_string                             0x00001cdf   Thumb Code    22  glcd_scroll.o(.text)
    moveUp                                   0x00001cf5   Thumb Code    38  glcd_scroll.o(.text)
    moveDown                                 0x00001d1b   Thumb Code    52  glcd_scroll.o(.text)
    moveFirst                                0x00001d4f   Thumb Code    26  glcd_scroll.o(.text)
    moveLast                                 0x00001d69   Thumb Code    72  glcd_scroll.o(.text)
    initJoyStick                             0x00001db1   Thumb Code    70  glcd_scroll.o(.text)
    joyStickBusyWaitingMonitor               0x00001df7   Thumb Code    76  glcd_scroll.o(.text)
    __aeabi_uldivmod                         0x00001e59   Thumb Code    98  uldiv.o(.text)
    __aeabi_fadd                             0x00001ebb   Thumb Code   164  fadd.o(.text)
    __aeabi_fsub                             0x00001f5f   Thumb Code     6  fadd.o(.text)
    __aeabi_frsub                            0x00001f65   Thumb Code     6  fadd.o(.text)
    __aeabi_fmul                             0x00001f6b   Thumb Code   108  fmul.o(.text)
    __aeabi_fdiv                             0x00001fd7   Thumb Code   128  fdiv.o(.text)
    __aeabi_dadd                             0x00002057   Thumb Code   322  dadd.o(.text)
    __aeabi_dsub                             0x00002199   Thumb Code     6  dadd.o(.text)
    __aeabi_drsub                            0x0000219f   Thumb Code     6  dadd.o(.text)
    __aeabi_dmul                             0x000021a5   Thumb Code   228  dmul.o(.text)
    __aeabi_i2f                              0x00002289   Thumb Code    18  fflti.o(.text)
    __aeabi_ui2f                             0x0000229b   Thumb Code    10  ffltui.o(.text)
    __aeabi_i2d                              0x000022a5   Thumb Code    34  dflti.o(.text)
    __aeabi_ui2d                             0x000022c7   Thumb Code    26  dfltui.o(.text)
    __aeabi_f2iz                             0x000022e1   Thumb Code    50  ffixi.o(.text)
    __aeabi_f2uiz                            0x00002313   Thumb Code    40  ffixui.o(.text)
    __aeabi_d2uiz                            0x0000233b   Thumb Code    50  dfixui.o(.text)
    __aeabi_f2d                              0x0000236d   Thumb Code    38  f2d.o(.text)
    __aeabi_cdcmpeq                          0x00002395   Thumb Code     0  cdcmple.o(.text)
    __aeabi_cdcmple                          0x00002395   Thumb Code    38  cdcmple.o(.text)
    __aeabi_d2f                              0x000023bd   Thumb Code    56  d2f.o(.text)
    __aeabi_llsl                             0x000023f5   Thumb Code    30  llshl.o(.text)
    _ll_shift_l                              0x000023f5   Thumb Code     0  llshl.o(.text)
    __aeabi_llsr                             0x00002413   Thumb Code    32  llushr.o(.text)
    _ll_ushift_r                             0x00002413   Thumb Code     0  llushr.o(.text)
    __aeabi_lasr                             0x00002433   Thumb Code    36  llsshr.o(.text)
    _ll_sshift_r                             0x00002433   Thumb Code     0  llsshr.o(.text)
    _float_round                             0x00002457   Thumb Code    18  fepilogue.o(.text)
    _float_epilogue                          0x00002469   Thumb Code    90  fepilogue.o(.text)
    _double_round                            0x000024c3   Thumb Code    26  depilogue.o(.text)
    _double_epilogue                         0x000024dd   Thumb Code   164  depilogue.o(.text)
    _dsqrt                                   0x00002581   Thumb Code   162  dsqrt.o(.text)
    __scatterload                            0x00002625   Thumb Code    28  init.o(.text)
    __scatterload_rt2                        0x00002625   Thumb Code     0  init.o(.text)
    SVC_Count                                0x00002648   Data           4  SVC_Table.o(SVC_TABLE)
    SVC_Table                                0x0000264c   Data           0  SVC_Table.o(SVC_TABLE)
    __scatterload_copy                       0x0000264d   Thumb Code    14  handlers.o(i.__scatterload_copy)
    __scatterload_zeroinit                   0x0000265b   Thumb Code    14  handlers.o(i.__scatterload_zeroinit)
    __set_errno                              0x00002669   Thumb Code     6  errno.o(i.__set_errno)
    _init_box                                0x00002675   Thumb Code    70  rt_membox.o(i._init_box)
    dbg_init                                 0x000026bd   Thumb Code    34  hal_cm3.o(i.dbg_init)
    dbg_task_notify                          0x000026ed   Thumb Code    32  hal_cm3.o(i.dbg_task_notify)
    dbg_task_switch                          0x0000270d   Thumb Code    16  hal_cm3.o(i.dbg_task_switch)
    last_line                                0x0000271d   Thumb Code    20  glcd_scroll.o(i.last_line)
    last_window_line                         0x00002735   Thumb Code    20  glcd_scroll.o(i.last_window_line)
    os_tick_init                             0x0000274d   Thumb Code    32  rt_system.o(i.os_tick_init)
    os_tick_irqack                           0x00002775   Thumb Code     2  rt_system.o(i.os_tick_irqack)
    rt_alloc_box                             0x00002777   Thumb Code    26  rt_membox.o(i.rt_alloc_box)
    rt_block                                 0x00002791   Thumb Code    48  rt_task.o(i.rt_block)
    rt_chk_robin                             0x000027c9   Thumb Code    60  rt_robin.o(i.rt_chk_robin)
    rt_dec_dly                               0x00002811   Thumb Code   106  rt_list.o(i.rt_dec_dly)
    rt_dispatch                              0x00002885   Thumb Code    60  rt_task.o(i.rt_dispatch)
    rt_dly_wait                              0x000028c9   Thumb Code     6  rt_time.o(i.rt_dly_wait)
    rt_evt_psh                               0x000028d1   Thumb Code    72  rt_event.o(i.rt_evt_psh)
    rt_free_box                              0x0000291d   Thumb Code    32  rt_membox.o(i.rt_free_box)
    rt_get_first                             0x0000293d   Thumb Code    40  rt_list.o(i.rt_get_first)
    rt_init_robin                            0x000029a9   Thumb Code    14  rt_robin.o(i.rt_init_robin)
    rt_init_stack                            0x000029c1   Thumb Code    70  hal_cm3.o(i.rt_init_stack)
    rt_itv_set                               0x00002a11   Thumb Code    16  rt_time.o(i.rt_itv_set)
    rt_itv_wait                              0x00002a29   Thumb Code    34  rt_time.o(i.rt_itv_wait)
    rt_mbx_psh                               0x00002a55   Thumb Code   188  rt_mailbox.o(i.rt_mbx_psh)
    rt_mut_init                              0x00002b15   Thumb Code    16  rt_mutex.o(i.rt_mut_init)
    rt_mut_release                           0x00002b25   Thumb Code   164  rt_mutex.o(i.rt_mut_release)
    rt_mut_wait                              0x00002bd1   Thumb Code    96  rt_mutex.o(i.rt_mut_wait)
    rt_pop_req                               0x00002c35   Thumb Code   106  rt_system.o(i.rt_pop_req)
    rt_put_dly                               0x00002cad   Thumb Code    68  rt_list.o(i.rt_put_dly)
    rt_put_prio                              0x00002cf5   Thumb Code    54  rt_list.o(i.rt_put_prio)
    rt_put_rdy_first                         0x00002d2d   Thumb Code    14  rt_list.o(i.rt_put_rdy_first)
    rt_resort_prio                           0x00002d41   Thumb Code    46  rt_list.o(i.rt_resort_prio)
    rt_rmv_dly                               0x00002d75   Thumb Code    40  rt_list.o(i.rt_rmv_dly)
    rt_rmv_list                              0x00002d9d   Thumb Code    44  rt_list.o(i.rt_rmv_list)
    rt_sem_psh                               0x00002dcd   Thumb Code    46  rt_semaphore.o(i.rt_sem_psh)
    rt_stk_check                             0x00002e01   Thumb Code    28  rt_system.o(i.rt_stk_check)
    rt_switch_req                            0x00002e25   Thumb Code    30  rt_task.o(i.rt_switch_req)
    rt_sys_init                              0x00002e4d   Thumb Code   266  rt_task.o(i.rt_sys_init)
    rt_systick                               0x00002fa5   Thumb Code    48  rt_system.o(i.rt_systick)
    rt_tmr_tick                              0x00002fe1   Thumb Code    56  rt_timer.o(i.rt_tmr_tick)
    rt_tsk_create                            0x00003021   Thumb Code   126  rt_task.o(i.rt_tsk_create)
    rt_tsk_delete                            0x000030b5   Thumb Code   162  rt_task.o(i.rt_tsk_delete)
    sqrt                                     0x00003171   Thumb Code    78  sqrt.o(i.sqrt)
    os_maxtaskrun                            0x000031be   Data           2  rtx_conf_cm.o(.constdata)
    os_stackinfo                             0x000031c0   Data           4  rtx_conf_cm.o(.constdata)
    os_rrobin                                0x000031c4   Data           4  rtx_conf_cm.o(.constdata)
    os_trv                                   0x000031c8   Data           4  rtx_conf_cm.o(.constdata)
    os_flags                                 0x000031cc   Data           1  rtx_conf_cm.o(.constdata)
    os_clockrate                             0x000031d0   Data           4  rtx_conf_cm.o(.constdata)
    os_timernum                              0x000031d4   Data           4  rtx_conf_cm.o(.constdata)
    mp_tcb_size                              0x000031d8   Data           2  rtx_conf_cm.o(.constdata)
    mp_stk_size                              0x000031dc   Data           4  rtx_conf_cm.o(.constdata)
    os_fifo_size                             0x000031e0   Data           1  rtx_conf_cm.o(.constdata)
    mp_tmr_size                              0x000031e2   Data           2  rtx_conf_cm.o(.constdata)
    Font_6x8_h                               0x000031e4   Data         896  glcd_spi_lpc1700.o(.constdata)
    Font_16x24_h                             0x00003564   Data        5376  glcd_spi_lpc1700.o(.constdata)
    led_mask                                 0x00004a64   Data          32  led.o(.constdata)
    Region$$Table$$Base                      0x00007c84   Number         0  anon$$obj.o(Region$$Table)
    Region$$Table$$Limit                     0x00007ca4   Number         0  anon$$obj.o(Region$$Table)
    SystemCoreClock                          0x10000000   Data           4  system_lpc17xx.o(.data)
    m_tmr                                    0x10000004   Data           4  rtx_conf_cm.o(.data)
    collision_detected_before                0x10000010   Data           2  main.o(.data)
    player_moved_x                           0x10000012   Data           2  main.o(.data)
    collision_detected                       0x10000014   Data           2  main.o(.data)
    draw_net                                 0x10000016   Data           2  main.o(.data)
    ball_g                                   0x10000018   Data           4  main.o(.data)
    ball_rad                                 0x1000001c   Data           4  main.o(.data)
    t_keyread                                0x10000020   Data           4  main.o(.data)
    t_player                                 0x10000024   Data           4  main.o(.data)
    t_opponent                               0x10000028   Data           4  main.o(.data)
    t_ball                                   0x1000002c   Data           4  main.o(.data)
    slime_mass                               0x10000030   Data           4  main.o(.data)
    ball_mass                                0x10000034   Data           4  main.o(.data)
    ball_origin                              0x10000038   Data           4  main.o(.data)
    a                                        0x1000003c   Data           4  main.o(.data)
    b                                        0x10000040   Data           4  main.o(.data)
    c                                        0x10000044   Data           4  main.o(.data)
    sx                                       0x10000048   Data           4  main.o(.data)
    bx                                       0x1000004c   Data           4  main.o(.data)
    sy                                       0x10000050   Data           4  main.o(.data)
    by                                       0x10000054   Data           4  main.o(.data)
    new_ball_vx                              0x10000058   Data           4  main.o(.data)
    new_ball_y                               0x1000005c   Data           4  main.o(.data)
    new_ball_x                               0x10000060   Data           4  main.o(.data)
    ai_left_limit                            0x10000064   Data           4  main.o(.data)
    ai_right_limit                           0x10000068   Data           4  main.o(.data)
    player_left_limit                        0x1000006c   Data           4  main.o(.data)
    player_right_limit                       0x10000070   Data           4  main.o(.data)
    player_low_limit                         0x10000074   Data           4  main.o(.data)
    player_high_limit                        0x10000078   Data           4  main.o(.data)
    ADCStat                                  0x1000007c   Data           4  main.o(.data)
    ADCValue                                 0x10000080   Data           4  main.o(.data)
    KBD_val                                  0x10000084   Data           4  kbd.o(.data)
    last_col_cahche                          0x10000088   Data           2  glcd_scroll.o(.data)
    cache_start                              0x1000008c   Data           4  glcd_scroll.o(.data)
    cache_size                               0x10000090   Data           4  glcd_scroll.o(.data)
    window_start                             0x10000094   Data           4  glcd_scroll.o(.data)
    window_size                              0x10000098   Data           4  glcd_scroll.o(.data)
    os_tsk                                   0x1000009c   Data           8  rt_task.o(.data)
    os_time                                  0x100000a4   Data           4  rt_time.o(.data)
    dbg_msg                                  0x100000a8   Data           1  hal_cm3.o(.data)
    os_tick_irqn                             0x100000b0   Data           4  rt_system.o(.data)
    os_robin                                 0x100000b4   Data           8  rt_robin.o(.data)
    os_tmr                                   0x100000bc   Data           8  rt_timer.o(.data)
    mp_tcb                                   0x100000c8   Data         348  rtx_conf_cm.o(.bss)
    mp_stk                                   0x10000228   Data        1616  rtx_conf_cm.o(.bss)
    os_fifo                                  0x10000878   Data         132  rtx_conf_cm.o(.bss)
    os_active_TCB                            0x100008fc   Data          28  rtx_conf_cm.o(.bss)
    mut_GLCD                                 0x10000918   Data          12  main.o(.bss)
    court_net                                0x10000924   Data          36  main.o(.bss)
    player                                   0x10000948   Data          36  main.o(.bss)
    player_old_loc_x                         0x1000096c   Data          36  main.o(.bss)
    player_old_loc_y                         0x10000990   Data          36  main.o(.bss)
    mut_player                               0x100009b4   Data          12  main.o(.bss)
    opponent                                 0x100009c0   Data          36  main.o(.bss)
    mut_opponent                             0x100009e4   Data          12  main.o(.bss)
    ball                                     0x100009f0   Data          36  main.o(.bss)
    mut_ball                                 0x10000a14   Data          12  main.o(.bss)
    ball_old_loc_x                           0x10000a20   Data          36  main.o(.bss)
    ball_old_loc_y                           0x10000a44   Data          36  main.o(.bss)
    mut_curr_score                           0x10000a68   Data          12  main.o(.bss)
    chache                                   0x10000a74   Data         525  glcd_scroll.o(.bss)
    os_idle_TCB                              0x10000c84   Data          48  rt_task.o(.bss)
    os_rdy                                   0x10000cb4   Data          24  rt_list.o(.bss)
    os_dly                                   0x10000ccc   Data          24  rt_list.o(.bss)
    __initial_sp                             0x10000ee8   Data           0  startup_lpc17xx.o(STACK)



==============================================================================

Memory Map of the image

  Image Entry point : 0x000000cd

  Load Region LR_IROM1 (Base: 0x00000000, Size: 0x00007d6c, Max: 0x00080000, ABSOLUTE)

    Execution Region ER_IROM1 (Base: 0x00000000, Size: 0x00007ca4, Max: 0x00080000, ABSOLUTE)

    Base Addr    Size         Type   Attr      Idx    E Section Name        Object

    0x00000000   0x000000cc   Data   RO            3    RESET               startup_lpc17xx.o
    0x000000cc   0x00000000   Code   RO          991  * .ARM.Collect$$$$00000000  mc_w.l(entry.o)
    0x000000cc   0x00000004   Code   RO         1032    .ARM.Collect$$$$00000001  mc_w.l(entry2.o)
    0x000000d0   0x00000004   Code   RO         1035    .ARM.Collect$$$$00000004  mc_w.l(entry5.o)
    0x000000d4   0x00000000   Code   RO         1037    .ARM.Collect$$$$00000008  mc_w.l(entry7b.o)
    0x000000d4   0x00000008   Code   RO         1038    .ARM.Collect$$$$00000009  mc_w.l(entry8.o)
    0x000000dc   0x00000004   Code   RO         1033    .ARM.Collect$$$$00002712  mc_w.l(entry2.o)
    0x000000e0   0x00000154   Code   RO          568    .emb_text           RTX_CM3.LIB(hal_cm3.o)
    0x00000234   0x00000024   Code   RO            5    .text               startup_lpc17xx.o
    0x00000258   0x00000006   Code   RO           56    .text               rtx_conf_cm.o
    0x0000025e   0x00000002   PAD
    0x00000260   0x00000048   Code   RO          265    .text               kbd.o
    0x000002a8   0x00000024   Code   RO          996    .text               mc_w.l(memcpya.o)
    0x000002cc   0x0000002e   Code   RO         1010    .text               mf_w.l(dscalb.o)
    0x000002fa   0x00000000   Code   RO         1052    .text               mc_w.l(iusefp.o)
    0x000002fa   0x00000002   Code   RO         1064    i.__scatterload_null  mc_w.l(handlers.o)
    0x000002fc   0x00000004   Code   RO            4    .ARM.__at_0x02FC    startup_lpc17xx.o
    0x00000300   0x000001a4   Code   RO           15    .text               system_lpc17xx.o
    0x000004a4   0x00000a58   Code   RO           93    .text               glcd_spi_lpc1700.o
    0x00000efc   0x000000a4   Code   RO          138    .text               led.o
    0x00000fa0   0x00000ae8   Code   RO          172    .text               main.o
    0x00001a88   0x0000006c   Code   RO          292    .text               adc.o
    0x00001af4   0x000000cc   Code   RO          316    .text               objects.o
    0x00001bc0   0x00000298   Code   RO          360    .text               glcd_scroll.o
    0x00001e58   0x00000062   Code   RO          994    .text               mc_w.l(uldiv.o)
    0x00001eba   0x000000b0   Code   RO         1000    .text               mf_w.l(fadd.o)
    0x00001f6a   0x0000006c   Code   RO         1002    .text               mf_w.l(fmul.o)
    0x00001fd6   0x00000080   Code   RO         1004    .text               mf_w.l(fdiv.o)
    0x00002056   0x0000014e   Code   RO         1006    .text               mf_w.l(dadd.o)
    0x000021a4   0x000000e4   Code   RO         1008    .text               mf_w.l(dmul.o)
    0x00002288   0x00000012   Code   RO         1012    .text               mf_w.l(fflti.o)
    0x0000229a   0x0000000a   Code   RO         1014    .text               mf_w.l(ffltui.o)
    0x000022a4   0x00000022   Code   RO         1016    .text               mf_w.l(dflti.o)
    0x000022c6   0x0000001a   Code   RO         1018    .text               mf_w.l(dfltui.o)
    0x000022e0   0x00000032   Code   RO         1020    .text               mf_w.l(ffixi.o)
    0x00002312   0x00000028   Code   RO         1022    .text               mf_w.l(ffixui.o)
    0x0000233a   0x00000032   Code   RO         1024    .text               mf_w.l(dfixui.o)
    0x0000236c   0x00000026   Code   RO         1026    .text               mf_w.l(f2d.o)
    0x00002392   0x00000002   PAD
    0x00002394   0x00000028   Code   RO         1028    .text               mf_w.l(cdcmple.o)
    0x000023bc   0x00000038   Code   RO         1030    .text               mf_w.l(d2f.o)
    0x000023f4   0x0000001e   Code   RO         1039    .text               mc_w.l(llshl.o)
    0x00002412   0x00000020   Code   RO         1041    .text               mc_w.l(llushr.o)
    0x00002432   0x00000024   Code   RO         1043    .text               mc_w.l(llsshr.o)
    0x00002456   0x0000006c   Code   RO         1053    .text               mf_w.l(fepilogue.o)
    0x000024c2   0x000000be   Code   RO         1055    .text               mf_w.l(depilogue.o)
    0x00002580   0x000000a2   Code   RO         1057    .text               mf_w.l(dsqrt.o)
    0x00002622   0x00000002   PAD
    0x00002624   0x00000024   Code   RO         1059    .text               mc_w.l(init.o)
    0x00002648   0x00000004   Code   RO          827    SVC_TABLE           RTX_CM3.LIB(SVC_Table.o)
    0x0000264c   0x0000000e   Code   RO         1063    i.__scatterload_copy  mc_w.l(handlers.o)
    0x0000265a   0x0000000e   Code   RO         1065    i.__scatterload_zeroinit  mc_w.l(handlers.o)
    0x00002668   0x0000000c   Code   RO         1047    i.__set_errno       mc_w.l(errno.o)
    0x00002674   0x00000046   Code   RO          794    i._init_box         RTX_CM3.LIB(rt_membox.o)
    0x000026ba   0x00000002   PAD
    0x000026bc   0x00000030   Code   RO          569    i.dbg_init          RTX_CM3.LIB(hal_cm3.o)
    0x000026ec   0x00000020   Code   RO          570    i.dbg_task_notify   RTX_CM3.LIB(hal_cm3.o)
    0x0000270c   0x00000010   Code   RO          571    i.dbg_task_switch   RTX_CM3.LIB(hal_cm3.o)
    0x0000271c   0x00000018   Code   RO          379    i.last_line         glcd_scroll.o
    0x00002734   0x00000018   Code   RO          384    i.last_window_line  glcd_scroll.o
    0x0000274c   0x00000028   Code   RO          610    i.os_tick_init      RTX_CM3.LIB(rt_system.o)
    0x00002774   0x00000002   Code   RO          611    i.os_tick_irqack    RTX_CM3.LIB(rt_system.o)
    0x00002776   0x0000001a   Code   RO          795    i.rt_alloc_box      RTX_CM3.LIB(rt_membox.o)
    0x00002790   0x00000038   Code   RO          408    i.rt_block          RTX_CM3.LIB(rt_task.o)
    0x000027c8   0x00000048   Code   RO          772    i.rt_chk_robin      RTX_CM3.LIB(rt_robin.o)
    0x00002810   0x00000074   Code   RO          693    i.rt_dec_dly        RTX_CM3.LIB(rt_list.o)
    0x00002884   0x00000044   Code   RO          409    i.rt_dispatch       RTX_CM3.LIB(rt_task.o)
    0x000028c8   0x00000006   Code   RO          507    i.rt_dly_wait       RTX_CM3.LIB(rt_time.o)
    0x000028ce   0x00000002   PAD
    0x000028d0   0x0000004c   Code   RO          833    i.rt_evt_psh        RTX_CM3.LIB(rt_event.o)
    0x0000291c   0x00000020   Code   RO          796    i.rt_free_box       RTX_CM3.LIB(rt_membox.o)
    0x0000293c   0x00000028   Code   RO          694    i.rt_get_first      RTX_CM3.LIB(rt_list.o)
    0x00002964   0x00000044   Code   RO          410    i.rt_init_context   RTX_CM3.LIB(rt_task.o)
    0x000029a8   0x00000018   Code   RO          773    i.rt_init_robin     RTX_CM3.LIB(rt_robin.o)
    0x000029c0   0x00000050   Code   RO          572    i.rt_init_stack     RTX_CM3.LIB(hal_cm3.o)
    0x00002a10   0x00000018   Code   RO          508    i.rt_itv_set        RTX_CM3.LIB(rt_time.o)
    0x00002a28   0x0000002c   Code   RO          509    i.rt_itv_wait       RTX_CM3.LIB(rt_time.o)
    0x00002a54   0x000000c0   Code   RO          876    i.rt_mbx_psh        RTX_CM3.LIB(rt_mailbox.o)
    0x00002b14   0x00000010   Code   RO          544    i.rt_mut_init       RTX_CM3.LIB(rt_mutex.o)
    0x00002b24   0x000000ac   Code   RO          545    i.rt_mut_release    RTX_CM3.LIB(rt_mutex.o)
    0x00002bd0   0x00000064   Code   RO          546    i.rt_mut_wait       RTX_CM3.LIB(rt_mutex.o)
    0x00002c34   0x00000078   Code   RO          612    i.rt_pop_req        RTX_CM3.LIB(rt_system.o)
    0x00002cac   0x00000048   Code   RO          697    i.rt_put_dly        RTX_CM3.LIB(rt_list.o)
    0x00002cf4   0x00000036   Code   RO          698    i.rt_put_prio       RTX_CM3.LIB(rt_list.o)
    0x00002d2a   0x00000002   PAD
    0x00002d2c   0x00000014   Code   RO          699    i.rt_put_rdy_first  RTX_CM3.LIB(rt_list.o)
    0x00002d40   0x00000034   Code   RO          700    i.rt_resort_prio    RTX_CM3.LIB(rt_list.o)
    0x00002d74   0x00000028   Code   RO          701    i.rt_rmv_dly        RTX_CM3.LIB(rt_list.o)
    0x00002d9c   0x00000030   Code   RO          702    i.rt_rmv_list       RTX_CM3.LIB(rt_list.o)
    0x00002dcc   0x00000034   Code   RO          922    i.rt_sem_psh        RTX_CM3.LIB(rt_semaphore.o)
    0x00002e00   0x00000024   Code   RO          615    i.rt_stk_check      RTX_CM3.LIB(rt_system.o)
    0x00002e24   0x00000028   Code   RO          411    i.rt_switch_req     RTX_CM3.LIB(rt_task.o)
    0x00002e4c   0x00000158   Code   RO          412    i.rt_sys_init       RTX_CM3.LIB(rt_task.o)
    0x00002fa4   0x0000003c   Code   RO          617    i.rt_systick        RTX_CM3.LIB(rt_system.o)
    0x00002fe0   0x00000040   Code   RO          958    i.rt_tmr_tick       RTX_CM3.LIB(rt_timer.o)
    0x00003020   0x00000094   Code   RO          413    i.rt_tsk_create     RTX_CM3.LIB(rt_task.o)
    0x000030b4   0x000000bc   Code   RO          414    i.rt_tsk_delete     RTX_CM3.LIB(rt_task.o)
    0x00003170   0x0000004e   Code   RO          984    i.sqrt              m_ws.l(sqrt.o)
    0x000031be   0x00000002   Data   RO           61    .constdata          rtx_conf_cm.o
    0x000031c0   0x00000004   Data   RO           62    .constdata          rtx_conf_cm.o
    0x000031c4   0x00000004   Data   RO           63    .constdata          rtx_conf_cm.o
    0x000031c8   0x00000004   Data   RO           64    .constdata          rtx_conf_cm.o
    0x000031cc   0x00000001   Data   RO           65    .constdata          rtx_conf_cm.o
    0x000031cd   0x00000003   PAD
    0x000031d0   0x00000008   Data   RO           66    .constdata          rtx_conf_cm.o
    0x000031d8   0x00000002   Data   RO           67    .constdata          rtx_conf_cm.o
    0x000031da   0x00000002   PAD
    0x000031dc   0x00000004   Data   RO           68    .constdata          rtx_conf_cm.o
    0x000031e0   0x00000001   Data   RO           69    .constdata          rtx_conf_cm.o
    0x000031e1   0x00000001   PAD
    0x000031e2   0x00000002   Data   RO           70    .constdata          rtx_conf_cm.o
    0x000031e4   0x00001880   Data   RO           94    .constdata          glcd_spi_lpc1700.o
    0x00004a64   0x00000020   Data   RO          139    .constdata          led.o
    0x00004a84   0x00003200   Data   RO          176    .constdata          main.o
    0x00007c84   0x00000020   Data   RO         1061    Region$$Table       anon$$obj.o


    Execution Region RW_IRAM1 (Base: 0x10000000, Size: 0x00000ee8, Max: 0x00008000, ABSOLUTE)

    Base Addr    Size         Type   Attr      Idx    E Section Name        Object

    0x10000000   0x00000004   Data   RW           16    .data               system_lpc17xx.o
    0x10000004   0x00000004   Data   RW           71    .data               rtx_conf_cm.o
    0x10000008   0x00000006   Data   RW           95    .data               glcd_spi_lpc1700.o
    0x1000000e   0x00000002   PAD
    0x10000010   0x0000006c   Data   RW          179    .data               main.o
    0x1000007c   0x00000004   Data   RW          180    .data               main.o
    0x10000080   0x00000004   Data   RW          181    .data               main.o
    0x10000084   0x00000004   Data   RW          266    .data               kbd.o
    0x10000088   0x00000014   Data   RW          362    .data               glcd_scroll.o
    0x1000009c   0x00000008   Data   RW          419    .data               RTX_CM3.LIB(rt_task.o)
    0x100000a4   0x00000004   Data   RW          511    .data               RTX_CM3.LIB(rt_time.o)
    0x100000a8   0x00000001   Data   RW          573    .data               RTX_CM3.LIB(hal_cm3.o)
    0x100000a9   0x00000003   PAD
    0x100000ac   0x00000008   Data   RW          620    .data               RTX_CM3.LIB(rt_system.o)
    0x100000b4   0x00000008   Data   RW          774    .data               RTX_CM3.LIB(rt_robin.o)
    0x100000bc   0x00000008   Data   RW          959    .data               RTX_CM3.LIB(rt_timer.o)
    0x100000c4   0x00000004   Data   RW         1048    .data               mc_w.l(errno.o)
    0x100000c8   0x0000015c   Zero   RW           57    .bss                rtx_conf_cm.o
    0x10000224   0x00000004   PAD
    0x10000228   0x00000650   Zero   RW           58    .bss                rtx_conf_cm.o
    0x10000878   0x00000084   Zero   RW           59    .bss                rtx_conf_cm.o
    0x100008fc   0x0000001c   Zero   RW           60    .bss                rtx_conf_cm.o
    0x10000918   0x0000015c   Zero   RW          173    .bss                main.o
    0x10000a74   0x0000020d   Zero   RW          361    .bss                glcd_scroll.o
    0x10000c81   0x00000003   PAD
    0x10000c84   0x00000030   Zero   RW          418    .bss                RTX_CM3.LIB(rt_task.o)
    0x10000cb4   0x00000030   Zero   RW          703    .bss                RTX_CM3.LIB(rt_list.o)
    0x10000ce4   0x00000004   PAD
    0x10000ce8   0x00000200   Zero   RW            1    STACK               startup_lpc17xx.o


==============================================================================

Image component sizes


      Code (inc. data)   RO Data    RW Data    ZI Data      Debug   Object Name

       108         24          0          0          0        727   adc.o
       712         30          0         20        525       5399   glcd_scroll.o
      2648         44       6272          6          0       7906   glcd_spi_lpc1700.o
        72         12          0          4          0        850   kbd.o
       164         12         32          0          0      18126   led.o
      2792        132      12800        116        348      32225   main.o
       204          0          0          0          0        999   objects.o
         6          0         32          4       2124       8540   rtx_conf_cm.o
        40         12        204          0        512        888   startup_lpc17xx.o
       420         32          0          4          0       5205   system_lpc17xx.o

    ----------------------------------------------------------------------
      7168        298      19378        156       3516      80865   Object Totals
         0          0         32          0          0          0   (incl. Generated)
         2          0          6          2          7          0   (incl. Padding)

    ----------------------------------------------------------------------

      Code (inc. data)   RO Data    RW Data    ZI Data      Debug   Library Member Name

         4          4          0          0          0        136   SVC_Table.o
       516         56          0          1          0       2465   hal_cm3.o
        76          4          0          0          0        541   rt_event.o
       442         30          0          0         48       3794   rt_list.o
       192          4          0          0          0        605   rt_mailbox.o
       128          0          0          0          0       1489   rt_membox.o
       288         12          0          0          0       1601   rt_mutex.o
        96         22          0          8          0        962   rt_robin.o
        52          6          0          0          0        453   rt_semaphore.o
       258         42          0          8          0       2962   rt_system.o
       912        156          0          8         48       6282   rt_task.o
        74         18          0          4          0       1291   rt_time.o
        64          8          0          8          0        583   rt_timer.o
        78          0          0          0          0         84   sqrt.o
         0          0          0          0          0          0   entry.o
         8          4          0          0          0          0   entry2.o
         4          0          0          0          0          0   entry5.o
         0          0          0          0          0          0   entry7b.o
         8          4          0          0          0          0   entry8.o
        12          6          0          4          0         68   errno.o
        30          0          0          0          0          0   handlers.o
        36          8          0          0          0         68   init.o
         0          0          0          0          0          0   iusefp.o
        30          0          0          0          0         68   llshl.o
        36          0          0          0          0         68   llsshr.o
        32          0          0          0          0         68   llushr.o
        36          0          0          0          0         68   memcpya.o
        98          0          0          0          0         92   uldiv.o
        40          2          0          0          0         68   cdcmple.o
        56          0          0          0          0         88   d2f.o
       334          0          0          0          0        144   dadd.o
       190          0          0          0          0        176   depilogue.o
        50          0          0          0          0         76   dfixui.o
        34          0          0          0          0         76   dflti.o
        26          0          0          0          0         76   dfltui.o
       228          0          0          0          0         92   dmul.o
        46          0          0          0          0         80   dscalb.o
       162          0          0          0          0        100   dsqrt.o
        38          0          0          0          0         68   f2d.o
       176          0          0          0          0        140   fadd.o
       128          0          0          0          0         88   fdiv.o
       108          0          0          0          0        168   fepilogue.o
        50          0          0          0          0         68   ffixi.o
        40          0          0          0          0         68   ffixui.o
        18          0          0          0          0         68   fflti.o
        10          0          0          0          0         68   ffltui.o
       108          0          0          0          0         76   fmul.o

    ----------------------------------------------------------------------
      5362        386          0         44        100      25536   Library Totals
        10          0          0          3          4          0   (incl. Padding)

    ----------------------------------------------------------------------

      Code (inc. data)   RO Data    RW Data    ZI Data      Debug   Library Name

      3102        362          0         37         96      23164   RTX_CM3.LIB
        78          0          0          0          0         84   m_ws.l
       330         22          0          4          0        500   mc_w.l
      1842          2          0          0          0       1788   mf_w.l

    ----------------------------------------------------------------------
      5362        386          0         44        100      25536   Library Totals

    ----------------------------------------------------------------------

==============================================================================


      Code (inc. data)   RO Data    RW Data    ZI Data      Debug   

     12530        684      19378        200       3616     102033   Grand Totals
     12530        684      19378        200       3616     102033   ELF Image Totals
     12530        684      19378        200          0          0   ROM Totals

==============================================================================

    Total RO  Size (Code + RO Data)                31908 (  31.16kB)
    Total RW  Size (RW Data + ZI Data)              3816 (   3.73kB)
    Total ROM Size (Code + RO Data + RW Data)      32108 (  31.36kB)

==============================================================================

