<html>
<body>
<pre>
<h1>µVision Build Log</h1>
<h2>Project:</h2>
N:\MTE241\Lab4\project4-master\P4_demo.uvproj
Project File Date:  12/04/2016

<h2>Output:</h2>
Rebuild target 'Simulator'
assembling startup_LPC17xx.s...
compiling system_LPC17xx.c...
compiling RTX_Conf_CM.c...
compiling GLCD_SPI_LPC1700.c...
compiling LED.c...
compiling Main.c...
compiling KBD.c...
compiling ADC.c...
compiling objects.c...
compiling Retarget.c...
compiling GLCD_Scroll.c...
compiling uart.c...
linking...
Program Size: Code=13450 RO-data=6558 RW-data=208 ZI-data=3840  
".\Flash\Blinky.axf" - 0 Error(s), 0 Warning(s).
Load "N:\\MTE241\\Lab4\\project4-master\\Flash\\Blinky.AXF" 
Erase Done.
Programming Done.
Verify OK.
Load "N:\\MTE241\\Lab4\\project4-master\\Flash\\Blinky.AXF" 
Erase Done.
Programming Done.
Verify OK.
Rebuild target 'Simulator'
assembling startup_LPC17xx.s...
compiling system_LPC17xx.c...
compiling RTX_Conf_CM.c...
compiling GLCD_SPI_LPC1700.c...
compiling LED.c...
compiling Main.c...
compiling KBD.c...
compiling ADC.c...
compiling objects.c...
compiling Retarget.c...
compiling GLCD_Scroll.c...
compiling uart.c...
linking...
Program Size: Code=13450 RO-data=6558 RW-data=208 ZI-data=3840  
".\Flash\Blinky.axf" - 0 Error(s), 0 Warning(s).
Load "N:\\MTE241\\Lab4\\project4-master\\Flash\\Blinky.AXF" 
Erase Done.
Programming Done.
Verify OK.
Rebuild target 'Simulator'
assembling startup_LPC17xx.s...
compiling system_LPC17xx.c...
compiling RTX_Conf_CM.c...
compiling GLCD_SPI_LPC1700.c...
compiling LED.c...
compiling Main.c...
compiling KBD.c...
compiling ADC.c...
compiling objects.c...
compiling Retarget.c...
compiling GLCD_Scroll.c...
compiling uart.c...
linking...
Program Size: Code=13454 RO-data=6558 RW-data=208 ZI-data=3840  
".\Flash\Blinky.axf" - 0 Error(s), 0 Warning(s).
Load "N:\\MTE241\\Lab4\\project4-master\\Flash\\Blinky.AXF" 
Erase Done.
Programming Done.
Verify OK.
Rebuild target 'Simulator'
assembling startup_LPC17xx.s...
compiling system_LPC17xx.c...
compiling RTX_Conf_CM.c...
compiling GLCD_SPI_LPC1700.c...
compiling LED.c...
compiling Main.c...
compiling KBD.c...
compiling ADC.c...
compiling objects.c...
compiling Retarget.c...
compiling GLCD_Scroll.c...
compiling uart.c...
linking...
Program Size: Code=13402 RO-data=6558 RW-data=208 ZI-data=3840  
".\Flash\Blinky.axf" - 0 Error(s), 0 Warning(s).
Load "N:\\MTE241\\Lab4\\project4-master\\Flash\\Blinky.AXF" 
Erase Done.
Programming Done.
Verify OK.
Rebuild target 'Simulator'
assembling startup_LPC17xx.s...
compiling system_LPC17xx.c...
compiling RTX_Conf_CM.c...
compiling GLCD_SPI_LPC1700.c...
compiling LED.c...
compiling Main.c...
compiling KBD.c...
compiling ADC.c...
compiling objects.c...
compiling Retarget.c...
compiling GLCD_Scroll.c...
compiling uart.c...
linking...
.\Flash\Blinky.axf: error: L6047U: The size of this image (34172 bytes) exceeds the maximum allowed for this version of the linker
Target not created
Rebuild target 'Simulator'
assembling startup_LPC17xx.s...
compiling system_LPC17xx.c...
compiling RTX_Conf_CM.c...
compiling GLCD_SPI_LPC1700.c...
compiling LED.c...
compiling Main.c...
compiling KBD.c...
compiling ADC.c...
compiling objects.c...
compiling Retarget.c...
compiling GLCD_Scroll.c...
compiling uart.c...
linking...
.\Flash\Blinky.axf: error: L6047U: The size of this image (33604 bytes) exceeds the maximum allowed for this version of the linker
Target not created
Rebuild target 'Simulator'
assembling startup_LPC17xx.s...
compiling system_LPC17xx.c...
compiling RTX_Conf_CM.c...
compiling GLCD_SPI_LPC1700.c...
compiling LED.c...
compiling Main.c...
compiling KBD.c...
compiling ADC.c...
compiling objects.c...
compiling Retarget.c...
compiling GLCD_Scroll.c...
compiling uart.c...
linking...
.\Flash\Blinky.axf: error: L6047U: The size of this image (33604 bytes) exceeds the maximum allowed for this version of the linker
Target not created
Rebuild target 'Simulator'
assembling startup_LPC17xx.s...
compiling system_LPC17xx.c...
compiling RTX_Conf_CM.c...
compiling GLCD_SPI_LPC1700.c...
compiling LED.c...
compiling Main.c...
compiling KBD.c...
compiling ADC.c...
compiling objects.c...
compiling Retarget.c...
compiling GLCD_Scroll.c...
compiling uart.c...
linking...
.\Flash\Blinky.axf: error: L6047U: The size of this image (32884 bytes) exceeds the maximum allowed for this version of the linker
Target not created
Build target 'Simulator'
compiling Main.c...
linking...
Program Size: Code=13166 RO-data=19378 RW-data=204 ZI-data=3884  
".\Flash\Blinky.axf" - 0 Error(s), 0 Warning(s).
Load "N:\\MTE241\\Lab4\\project4-master\\Flash\\Blinky.AXF" 
Erase Done.
Programming Done.
Verify OK.
Build target 'Simulator'
compiling Main.c...
linking...
Program Size: Code=13126 RO-data=19378 RW-data=204 ZI-data=3884  
".\Flash\Blinky.axf" - 0 Error(s), 0 Warning(s).
Load "N:\\MTE241\\Lab4\\project4-master\\Flash\\Blinky.AXF" 
Erase Done.
Programming Done.
Verify OK.
Build target 'Simulator'
compiling Main.c...
Main.c(358): error:  #20: identifier "ball_old_loc" is undefined
Target not created
Load "N:\\MTE241\\Lab4\\project4-master\\Flash\\Blinky.AXF" 
_____^
*** error 56: cannot open file
Build target 'Simulator'
compiling Main.c...
linking...
Program Size: Code=13042 RO-data=19378 RW-data=204 ZI-data=3844  
".\Flash\Blinky.axf" - 0 Error(s), 0 Warning(s).
Load "N:\\MTE241\\Lab4\\project4-master\\Flash\\Blinky.AXF" 
Erase Done.
Programming Done.
Verify OK.
Build target 'Simulator'
compiling Main.c...
linking...
Program Size: Code=13042 RO-data=19378 RW-data=204 ZI-data=3844  
".\Flash\Blinky.axf" - 0 Error(s), 0 Warning(s).
Load "N:\\MTE241\\Lab4\\project4-master\\Flash\\Blinky.AXF" 
Erase Done.
Programming Done.
Verify OK.
Build target 'Simulator'
compiling Main.c...
linking...
Program Size: Code=13022 RO-data=19378 RW-data=204 ZI-data=3844  
".\Flash\Blinky.axf" - 0 Error(s), 0 Warning(s).
Build target 'Simulator'
compiling Main.c...
linking...
Program Size: Code=13014 RO-data=19378 RW-data=204 ZI-data=3844  
".\Flash\Blinky.axf" - 0 Error(s), 0 Warning(s).
Load "N:\\MTE241\\Lab4\\project4-master\\Flash\\Blinky.AXF" 
Erase Done.
Programming Done.
Verify OK.
Build target 'Simulator'
compiling Main.c...
linking...
Program Size: Code=12998 RO-data=19378 RW-data=204 ZI-data=3844  
".\Flash\Blinky.axf" - 0 Error(s), 0 Warning(s).
Load "N:\\MTE241\\Lab4\\project4-master\\Flash\\Blinky.AXF" 
Erase Done.
Programming Done.
Verify OK.
Build target 'Simulator'
compiling Main.c...
linking...
Program Size: Code=12998 RO-data=19378 RW-data=204 ZI-data=3844  
".\Flash\Blinky.axf" - 0 Error(s), 0 Warning(s).
Load "N:\\MTE241\\Lab4\\project4-master\\Flash\\Blinky.AXF" 
Erase Done.
Programming Done.
Verify OK.
Build target 'Simulator'
compiling Main.c...
Main.c(376): error:  #65: expected a ";"
Target not created
Build target 'Simulator'
compiling Main.c...
linking...
Program Size: Code=12998 RO-data=19378 RW-data=204 ZI-data=3844  
".\Flash\Blinky.axf" - 0 Error(s), 0 Warning(s).
Load "N:\\MTE241\\Lab4\\project4-master\\Flash\\Blinky.AXF" 
Erase Done.
Programming Done.
Verify OK.
compiling Main.c...
Main.c(376): error:  #65: expected a ";"
Main.c - 1 Error(s), 0 Warning(s).
Build target 'Simulator'
compiling Main.c...
linking...
Program Size: Code=13018 RO-data=19378 RW-data=204 ZI-data=3844  
".\Flash\Blinky.axf" - 0 Error(s), 0 Warning(s).
Load "N:\\MTE241\\Lab4\\project4-master\\Flash\\Blinky.AXF" 
Erase Done.
Programming Done.
Verify OK.
Build target 'Simulator'
compiling Main.c...
linking...
Program Size: Code=13018 RO-data=19378 RW-data=204 ZI-data=3844  
".\Flash\Blinky.axf" - 0 Error(s), 0 Warning(s).
Load "N:\\MTE241\\Lab4\\project4-master\\Flash\\Blinky.AXF" 
Erase Done.
Programming Done.
Verify OK.
Build target 'Simulator'
compiling Main.c...
linking...
Program Size: Code=13026 RO-data=19378 RW-data=204 ZI-data=3844  
".\Flash\Blinky.axf" - 0 Error(s), 0 Warning(s).
Load "N:\\MTE241\\Lab4\\project4-master\\Flash\\Blinky.AXF" 
Erase Done.
Programming Done.
Verify OK.
Build target 'Simulator'
compiling Main.c...
linking...
Program Size: Code=13034 RO-data=19378 RW-data=204 ZI-data=3844  
".\Flash\Blinky.axf" - 0 Error(s), 0 Warning(s).
Load "N:\\MTE241\\Lab4\\project4-master\\Flash\\Blinky.AXF" 
Erase Done.
Programming Done.
Verify OK.
Build target 'Simulator'
compiling Main.c...
linking...
Program Size: Code=12118 RO-data=19378 RW-data=196 ZI-data=3844  
".\Flash\Blinky.axf" - 0 Error(s), 0 Warning(s).
Load "N:\\MTE241\\Lab4\\project4-master\\Flash\\Blinky.AXF" 
Erase Done.
Programming Done.
Verify OK.
Build target 'Simulator'
compiling Main.c...
compiling objects.c...
linking...
Program Size: Code=12410 RO-data=19378 RW-data=196 ZI-data=3844  
".\Flash\Blinky.axf" - 0 Error(s), 0 Warning(s).
Load "N:\\MTE241\\Lab4\\project4-master\\Flash\\Blinky.AXF" 
Erase Done.
Programming Done.
Verify OK.
Build target 'Simulator'
compiling Main.c...
linking...
Program Size: Code=12414 RO-data=19378 RW-data=196 ZI-data=3844  
".\Flash\Blinky.axf" - 0 Error(s), 0 Warning(s).
Load "N:\\MTE241\\Lab4\\project4-master\\Flash\\Blinky.AXF" 
Erase Done.
Programming Done.
Verify OK.
Build target 'Simulator'
compiling Main.c...
linking...
Program Size: Code=12406 RO-data=19378 RW-data=196 ZI-data=3844  
".\Flash\Blinky.axf" - 0 Error(s), 0 Warning(s).
Load "N:\\MTE241\\Lab4\\project4-master\\Flash\\Blinky.AXF" 
Erase Done.
Programming Done.
Verify OK.
Rebuild target 'Simulator'
assembling startup_LPC17xx.s...
compiling system_LPC17xx.c...
compiling RTX_Conf_CM.c...
compiling GLCD_SPI_LPC1700.c...
compiling LED.c...
compiling Main.c...
compiling KBD.c...
compiling ADC.c...
compiling objects.c...
compiling Retarget.c...
compiling GLCD_Scroll.c...
compiling uart.c...
linking...
Program Size: Code=12406 RO-data=19378 RW-data=196 ZI-data=3844  
".\Flash\Blinky.axf" - 0 Error(s), 0 Warning(s).
Load "N:\\MTE241\\Lab4\\project4-master\\Flash\\Blinky.AXF" 
Erase Done.
Programming Done.
Verify OK.
Build target 'Simulator'
compiling Main.c...
Main.c(602): warning:  #174-D: expression has no effect
linking...
Program Size: Code=12414 RO-data=19378 RW-data=196 ZI-data=3844  
".\Flash\Blinky.axf" - 0 Error(s), 1 Warning(s).
Load "N:\\MTE241\\Lab4\\project4-master\\Flash\\Blinky.AXF" 
Erase Done.
Programming Done.
Verify OK.
Load "N:\\MTE241\\Lab4\\project4-master\\Flash\\Blinky.AXF" 
Erase Done.
Programming Done.
Verify OK.
Rebuild target 'Simulator'
assembling startup_LPC17xx.s...
compiling system_LPC17xx.c...
compiling RTX_Conf_CM.c...
compiling GLCD_SPI_LPC1700.c...
compiling LED.c...
compiling Main.c...
Main.c(602): warning:  #174-D: expression has no effect
compiling KBD.c...
compiling ADC.c...
compiling objects.c...
compiling Retarget.c...
compiling GLCD_Scroll.c...
compiling uart.c...
linking...
Program Size: Code=12414 RO-data=19378 RW-data=196 ZI-data=3844  
".\Flash\Blinky.axf" - 0 Error(s), 1 Warning(s).
Rebuild target 'Simulator'
assembling startup_LPC17xx.s...
compiling system_LPC17xx.c...
compiling RTX_Conf_CM.c...
compiling GLCD_SPI_LPC1700.c...
compiling LED.c...
compiling Main.c...
Main.c(602): warning:  #174-D: expression has no effect
compiling KBD.c...
compiling ADC.c...
compiling objects.c...
compiling Retarget.c...
compiling GLCD_Scroll.c...
compiling uart.c...
linking...
Program Size: Code=12414 RO-data=19378 RW-data=196 ZI-data=3844  
".\Flash\Blinky.axf" - 0 Error(s), 1 Warning(s).
Load "N:\\MTE241\\Lab4\\project4-master\\Flash\\Blinky.AXF" 
Erase Done.
Programming Done.
Verify OK.
Rebuild target 'Simulator'
assembling startup_LPC17xx.s...
compiling system_LPC17xx.c...
compiling RTX_Conf_CM.c...
compiling GLCD_SPI_LPC1700.c...
compiling LED.c...
compiling Main.c...
compiling KBD.c...
compiling ADC.c...
compiling objects.c...
compiling Retarget.c...
compiling GLCD_Scroll.c...
compiling uart.c...
linking...
Program Size: Code=10622 RO-data=6558 RW-data=132 ZI-data=3164  
".\Flash\Blinky.axf" - 0 Error(s), 0 Warning(s).
Rebuild target 'Simulator'
assembling startup_LPC17xx.s...
compiling system_LPC17xx.c...
compiling RTX_Conf_CM.c...
compiling GLCD_SPI_LPC1700.c...
compiling LED.c...
compiling Main.c...
compiling KBD.c...
compiling ADC.c...
compiling objects.c...
compiling Retarget.c...
compiling GLCD_Scroll.c...
linking...
Program Size: Code=9886 RO-data=6558 RW-data=116 ZI-data=3036  
".\Flash\Blinky.axf" - 0 Error(s), 0 Warning(s).
Load "N:\\MTE241\\Lab4\\project4-master\\Flash\\Blinky.AXF" 
Erase Done.
Programming Done.
Verify OK.
Build target 'Simulator'
compiling Main.c...
Main.c(602): warning:  #174-D: expression has no effect
linking...
Program Size: Code=11678 RO-data=19378 RW-data=180 ZI-data=3716  
".\Flash\Blinky.axf" - 0 Error(s), 1 Warning(s).
Load "N:\\MTE241\\Lab4\\project4-master\\Flash\\Blinky.AXF" 
Erase Done.
Programming Done.
Verify OK.
Build target 'Simulator'
compiling Main.c...
Main.c(604): warning:  #174-D: expression has no effect
linking...
Program Size: Code=11814 RO-data=19378 RW-data=184 ZI-data=3720  
".\Flash\Blinky.axf" - 0 Error(s), 1 Warning(s).
Load "N:\\MTE241\\Lab4\\project4-master\\Flash\\Blinky.AXF" 
Erase Done.
Programming Done.
Verify OK.
Rebuild target 'Simulator'
assembling startup_LPC17xx.s...
compiling system_LPC17xx.c...
compiling RTX_Conf_CM.c...
compiling GLCD_SPI_LPC1700.c...
compiling LED.c...
compiling Main.c...
Main.c(606): warning:  #174-D: expression has no effect
compiling KBD.c...
compiling ADC.c...
compiling objects.c...
compiling Retarget.c...
compiling GLCD_Scroll.c...
linking...
Program Size: Code=11830 RO-data=19378 RW-data=184 ZI-data=3720  
".\Flash\Blinky.axf" - 0 Error(s), 1 Warning(s).
Load "N:\\MTE241\\Lab4\\project4-master\\Flash\\Blinky.AXF" 
Erase Done.
Programming Done.
Verify OK.
Build target 'Simulator'
compiling Main.c...
Main.c(606): warning:  #174-D: expression has no effect
linking...
Program Size: Code=11802 RO-data=19378 RW-data=184 ZI-data=3720  
".\Flash\Blinky.axf" - 0 Error(s), 1 Warning(s).
Load "N:\\MTE241\\Lab4\\project4-master\\Flash\\Blinky.AXF" 
Erase Done.
Programming Done.
Verify OK.
Build target 'Simulator'
compiling objects.c...
objects.c(20): error:  #29: expected an expression
objects.c(20): error:  #29: expected an expression
Target not created
Build target 'Simulator'
compiling objects.c...
linking...
Program Size: Code=11802 RO-data=19378 RW-data=184 ZI-data=3720  
".\Flash\Blinky.axf" - 0 Error(s), 0 Warning(s).
Load "N:\\MTE241\\Lab4\\project4-master\\Flash\\Blinky.AXF" 
Erase Done.
Programming Done.
Verify OK.
Build target 'Simulator'
compiling Main.c...
Main.c(606): warning:  #174-D: expression has no effect
linking...
Program Size: Code=11786 RO-data=19378 RW-data=184 ZI-data=3720  
".\Flash\Blinky.axf" - 0 Error(s), 1 Warning(s).
Load "N:\\MTE241\\Lab4\\project4-master\\Flash\\Blinky.AXF" 
Erase Done.
Programming Done.
Verify OK.
Load "N:\\MTE241\\Lab4\\project4-master\\Flash\\Blinky.AXF" 
Erase Done.
Programming Done.
Verify OK.
Build target 'Simulator'
compiling Main.c...
linking...
Program Size: Code=11786 RO-data=19378 RW-data=184 ZI-data=3720  
".\Flash\Blinky.axf" - 0 Error(s), 0 Warning(s).
Load "N:\\MTE241\\Lab4\\project4-master\\Flash\\Blinky.AXF" 
Erase Done.
Programming Done.
Verify OK.
Build target 'Simulator'
compiling objects.c...
linking...
Program Size: Code=11786 RO-data=19378 RW-data=184 ZI-data=3720  
".\Flash\Blinky.axf" - 0 Error(s), 0 Warning(s).
Load "N:\\MTE241\\Lab4\\project4-master\\Flash\\Blinky.AXF" 
Erase Done.
Programming Done.
Verify OK.
Build target 'Simulator'
compiling Main.c...
compiling objects.c...
linking...
Program Size: Code=11546 RO-data=19378 RW-data=180 ZI-data=3716  
".\Flash\Blinky.axf" - 0 Error(s), 0 Warning(s).
Rebuild target 'Simulator'
assembling startup_LPC17xx.s...
compiling system_LPC17xx.c...
compiling RTX_Conf_CM.c...
compiling GLCD_SPI_LPC1700.c...
compiling LED.c...
compiling Main.c...
compiling KBD.c...
compiling ADC.c...
compiling objects.c...
compiling Retarget.c...
compiling GLCD_Scroll.c...
linking...
Program Size: Code=11546 RO-data=19378 RW-data=180 ZI-data=3716  
".\Flash\Blinky.axf" - 0 Error(s), 0 Warning(s).
Load "N:\\MTE241\\Lab4\\project4-master\\Flash\\Blinky.AXF" 
Erase Done.
Programming Done.
Verify OK.
